Microchip MPLAB XC8 Compiler V2.00 ()

Linker command line:

-W-3 --edf=D:\Programas\MPLABX\xc8\pic\dat\en_msgs.txt -cs \
  -h+dist/default/production\alarmsystem.x.production.sym \
  --cmf=dist/default/production\alarmsystem.x.production.cmf -z -Q16LF18875 \
  -oC:\Users\Melkor\AppData\Local\Temp\s890.2 --defsym=__MPLAB_BUILD=1 \
  -Mdist/default/production/alarmsystem.x.production.map -E1 -ver=XC8 \
  --acfsm=1493 -ASTACK=02083h-023efh -pstack=STACK -ACODE=00h-07FFhx4 \
  -ASTRCODE=00h-01FFFh -ASTRING=00h-0FFhx32 -ACONST=00h-0FFhx32 \
  -AENTRY=00h-0FFhx32 -ACOMMON=070h-07Fh -ABANK0=020h-06Fh \
  -ABANK1=0A0h-0EFh -ABANK2=0120h-016Fh -ABANK3=01A0h-01EFh \
  -ABANK4=0220h-026Fh -ABANK5=02A0h-02EFh -ABANK6=0320h-036Fh \
  -ABANK7=03A0h-03EFh -ABANK8=0420h-046Fh -ABANK9=04A0h-04EFh \
  -ABANK10=0520h-056Fh -ABANK11=05A0h-05EFh -ABANK12=0620h-064Fh \
  -ABIGRAM=02000h-023EFh \
  -ARAM=020h-06Fh,0A0h-0EFh,0120h-016Fh,01A0h-01EFh,0220h-026Fh,02A0h-02EFh,0320h-036Fh,03A0h-03EFh,0420h-046Fh,04A0h-04EFh,0520h-056Fh,05A0h-05EFh,0620h-064Fh \
  -AABS1=020h-07Fh,0A0h-0EFh,0120h-016Fh,01A0h-01EFh,0220h-026Fh,02A0h-02EFh,0320h-036Fh,03A0h-03EFh,0420h-046Fh,04A0h-04EFh,0520h-056Fh,05A0h-05EFh,0620h-064Fh \
  -ASFR0=00h-01Fh -ASFR1=080h-09Fh -ASFR2=0100h-011Fh -ASFR3=0180h-019Fh \
  -ASFR4=0200h-021Fh -ASFR5=0280h-029Fh -ASFR6=0300h-031Fh \
  -ASFR7=0380h-039Fh -ASFR8=0400h-041Fh -ASFR9=0480h-049Fh \
  -ASFR10=0500h-051Fh -ASFR11=0580h-059Fh -ASFR12=0600h-061Fh \
  -ASFR13=0680h-06EFh -ASFR14=0700h-076Fh -ASFR15=0780h-07EFh \
  -ASFR16=0800h-086Fh -ASFR17=0880h-08EFh -ASFR18=0900h-096Fh \
  -ASFR19=0980h-09EFh -ASFR20=0A00h-0A6Fh -ASFR21=0A80h-0AEFh \
  -ASFR22=0B00h-0B6Fh -ASFR23=0B80h-0BEFh -ASFR24=0C00h-0C6Fh \
  -ASFR25=0C80h-0CEFh -ASFR26=0D00h-0D6Fh -ASFR27=0D80h-0DEFh \
  -ASFR28=0E00h-0E6Fh -ASFR29=0E80h-0EEFh -ASFR30=0F00h-0F6Fh \
  -ASFR31=0F80h-0FEFh -preset_vec=00h,intentry=04h,init,end_init \
  -ppowerup=CODE -pcinit=CODE -pfunctab=ENTRY -ACONFIG=08007h-0800Bh \
  -pconfig=CONFIG -DCONFIG=2 -AIDLOC=08000h-08003h -pidloc=IDLOC -DIDLOC=2 \
  -AEEDATA=00h-0FFh/0F000h -peeprom_data=EEDATA -DEEDATA=2 -DCODE=2 \
  -DSTRCODE=2 -DSTRING=2 -DCONST=2 -DENTRY=2 -k \
  C:\Users\Melkor\AppData\Local\Temp\s890.o \
  dist/default/production\alarmsystem.x.production.o 

Object code version is 3.11

Machine type is 16LF18875



                Name                               Link     Load   Length Selector   Space Scale
C:\Users\Melkor\AppData\Local\Temp\s890.o
                end_init                             5C       5C        2        8       0
                reset_vec                             0        0        2        0       0
                config                             8007     8007        5    1000E       0
dist/default/production\alarmsystem.x.production.o
                cinit                                5E       5E       34        8       0
                intentry                              4        4       58        8       0
                text73                             102C     102C       22     2058       0
                text72                             1ECB     1ECB        F     3D96       0
                text71                             1E01     1E01        3     3C02       0
                text70                             1E10     1E10        4     3C20       0
                swtext4                            1836     1836       1A     3000       0
                text69                              84C      84C       C2     1098       0
                text68                             1E00     1E00        1     3C00       0
                text67                             1E77     1E77        E     3CEE       0
                text66                             1E20     1E20        6     3C40       0
                text65                                2        2        1        0       0
                text64                             1EE9     1EE9       10     3DD2       0
                text63                             1E6D     1E6D        A     3CDA       0
                text62                             1F6D     1F6D       12     3EDA       0
                text61                             1E40     1E40        9     3C80       0
                text60                             1323     1323       69     2646       0
                text59                             1201     1201       5D     2402       0
                text58                             155D     155D       8B     2ABA       0
                text57                                3        3        1        6       0
                text56                             1E85     1E85        E     3D0A       0
                text55                             1E93     1E93        E     3D26       0
                text53                             1F96     1F96       19     3F2C       0
                text52                              7C8      7C8       2C        8       0
                text51                             1E14     1E14        4     3C28       0
                text50                             1EDA     1EDA        F     3DB4       0
                text49                             1EF9     1EF9       10     3DF2       0
                text48                             10BD     10BD       29     217A       0
                text47                             1071     1071       25     20E2       0
                text46                             15E8     15E8       8F     2BD0       0
                text45                             1F29     1F29       11     3E52       0
                text44                             1F3A     1F3A       11     3E74       0
                text43                             1F4B     1F4B       11     3E96       0
                text42                             1463     1463       78     28C6       0
                text41                             1F7F     1F7F       17     3EFE       0
                text40                             1E49     1E49        9     3C92       0
                text39                             1FC9     1FC9       1B     3F92       0
                text38                             1E52     1E52        9     3CA4       0
                text37                             1EA1     1EA1        E     3D42       0
                text36                             1E5B     1E5B        9     3CB6       0
                text35                             1E64     1E64        9     3CC8       0
                text34                             11AF     11AF       52     235E       0
                text33                             1E38     1E38        8     3C70       0
                text32                             1000     1000        D     1A14       0
                text31                              800      800        9     1000       0
                text30                             100D     100D       1F     201A       0
                text29                             1EAF     1EAF        E     3D5E       0
                text28                             1FE4     1FE4       1C     3FC8       0
                text27                             1E04     1E04        3     3C08       0
                text26                             1E07     1E07        3     3C0E       0
                text25                             1E18     1E18        4     3C30       0
                text24                             1E0A     1E0A        3     3C14       0
                text23                             1E1C     1E1C        4     3C38       0
                text22                             1096     1096       27     212C       0
                swtext3                            181C     181C       1A     3000       0
                text21                              AED      AED      21D     15DA       0
                text20                             1F09     1F09       10     3E12       0
                text19                             1F19     1F19       10     3E32       0
                text18                             138C     138C       6A     2718       0
                text17                             125E     125E       5E     24BC       0
                text16                              D0A      D0A      2F6     1A14       0
                text15                             1EBD     1EBD        E     3D7A       0
                text14                             1F5C     1F5C       11     3EB8       0
                text13                             12BC     12BC       67     2578       0
                text12                             14DB     14DB       82     29B6       0
                swtext2                            1800     1800       1C     3000       0
                text11                               92       92      4DE        8       0
                text10                             1FAF     1FAF       1A     3F5E       0
                swtext1                            1850     1850       18     3000       0
                text9                               90E      90E      1DF     121C       0
                text8                               7F4      7F4        A        8       0
                text7                              10E6     10E6       43     21CC       0
                text6                              1129     1129       43     2252       0
                text5                              116C     116C       43     22D8       0
                text4                               809      809       43     1012       0
                text3                              104E     104E       23     209C       0
                text2                              13F6     13F6       6D     27EC       0
                text1                              1677     1677      189     2CEE       0
                maintext                            570      570      258        8       0
                cstackBANK0                          20       20       3E       20       1
                cstackCOMMON                         70       70        C       70       1
                clrtext                            1E26     1E26        6     3C4C       0
                inittext                           1E2C     1E2C        6     3C58       0
                dataBANK1                            D0       D0        3       A0       1
                bssBANK1                             A0       A0       26       A0       1
                dataBANK0                            6A       6A        6       20       1
                bssBANK0                             5E       5E        C       20       1
                dataCOMMON                           7C       7C        2       70       1
                nvBANK1                              C6       C6        A       A0       1
                idataBANK1                         1E0D     1E0D        3     3C1A       0
                idataBANK0                         1E32     1E32        6     3C64       0
                idataCOMMON                         7FE      7FE        2        8       0

TOTAL           Name                               Link     Load   Length     Space
        CLASS   STACK          

        CLASS   CODE           
                end_init                             5C       5C        2         0
                cinit                                5E       5E       34         0
                intentry                              4        4       58         0
                reset_vec                             0        0        2         0
                text73                             102C     102C       22         0
                text72                             1ECB     1ECB        F         0
                text71                             1E01     1E01        3         0
                text70                             1E10     1E10        4         0
                text69                              84C      84C       C2         0
                text68                             1E00     1E00        1         0
                text67                             1E77     1E77        E         0
                text66                             1E20     1E20        6         0
                text65                                2        2        1         0
                text64                             1EE9     1EE9       10         0
                text63                             1E6D     1E6D        A         0
                text62                             1F6D     1F6D       12         0
                text61                             1E40     1E40        9         0
                text60                             1323     1323       69         0
                text59                             1201     1201       5D         0
                text58                             155D     155D       8B         0
                text57                                3        3        1         0
                text56                             1E85     1E85        E         0
                text55                             1E93     1E93        E         0
                text53                             1F96     1F96       19         0
                text52                              7C8      7C8       2C         0
                text51                             1E14     1E14        4         0
                text50                             1EDA     1EDA        F         0
                text49                             1EF9     1EF9       10         0
                text48                             10BD     10BD       29         0
                text47                             1071     1071       25         0
                text46                             15E8     15E8       8F         0
                text45                             1F29     1F29       11         0
                text44                             1F3A     1F3A       11         0
                text43                             1F4B     1F4B       11         0
                text42                             1463     1463       78         0
                text41                             1F7F     1F7F       17         0
                text40                             1E49     1E49        9         0
                text39                             1FC9     1FC9       1B         0
                text38                             1E52     1E52        9         0
                text37                             1EA1     1EA1        E         0
                text36                             1E5B     1E5B        9         0
                text35                             1E64     1E64        9         0
                text34                             11AF     11AF       52         0
                text33                             1E38     1E38        8         0
                text32                             1000     1000        D         0
                text31                              800      800        9         0
                text30                             100D     100D       1F         0
                text29                             1EAF     1EAF        E         0
                text28                             1FE4     1FE4       1C         0
                text27                             1E04     1E04        3         0
                text26                             1E07     1E07        3         0
                text25                             1E18     1E18        4         0
                text24                             1E0A     1E0A        3         0
                text23                             1E1C     1E1C        4         0
                text22                             1096     1096       27         0
                text21                              AED      AED      21D         0
                text20                             1F09     1F09       10         0
                text19                             1F19     1F19       10         0
                text18                             138C     138C       6A         0
                text17                             125E     125E       5E         0
                text16                              D0A      D0A      2F6         0
                text15                             1EBD     1EBD        E         0
                text14                             1F5C     1F5C       11         0
                text13                             12BC     12BC       67         0
                text12                             14DB     14DB       82         0
                text11                               92       92      4DE         0
                text10                             1FAF     1FAF       1A         0
                text9                               90E      90E      1DF         0
                text8                               7F4      7F4        A         0
                text7                              10E6     10E6       43         0
                text6                              1129     1129       43         0
                text5                              116C     116C       43         0
                text4                               809      809       43         0
                text3                              104E     104E       23         0
                text2                              13F6     13F6       6D         0
                text1                              1677     1677      189         0
                maintext                            570      570      258         0
                clrtext                            1E26     1E26        6         0
                inittext                           1E2C     1E2C        6         0
                idataBANK1                         1E0D     1E0D        3         0
                idataBANK0                         1E32     1E32        6         0
                idataCOMMON                         7FE      7FE        2         0

        CLASS   STRCODE        

        CLASS   STRING         

        CLASS   CONST          
                swtext4                            1836     1836       1A         0
                swtext3                            181C     181C       1A         0
                swtext2                            1800     1800       1C         0
                swtext1                            1850     1850       18         0

        CLASS   ENTRY          

        CLASS   COMMON         
                cstackCOMMON                         70       70        C         1
                dataCOMMON                           7C       7C        2         1

        CLASS   BANK0          
                cstackBANK0                          20       20       3E         1
                dataBANK0                            6A       6A        6         1
                bssBANK0                             5E       5E        C         1

        CLASS   BANK1          
                dataBANK1                            D0       D0        3         1
                bssBANK1                             A0       A0       26         1
                nvBANK1                              C6       C6        A         1

        CLASS   BANK2          

        CLASS   BANK3          

        CLASS   BANK4          

        CLASS   BANK5          

        CLASS   BANK6          

        CLASS   BANK7          

        CLASS   BANK8          

        CLASS   BANK9          

        CLASS   BANK10         

        CLASS   BANK11         

        CLASS   BANK12         

        CLASS   BIGRAM         

        CLASS   RAM            

        CLASS   ABS1           
                abs_s1                               7E       7E        2         1

        CLASS   SFR0           

        CLASS   SFR1           

        CLASS   SFR2           

        CLASS   SFR3           

        CLASS   SFR4           

        CLASS   SFR5           

        CLASS   SFR6           

        CLASS   SFR7           

        CLASS   SFR8           

        CLASS   SFR9           

        CLASS   SFR10          

        CLASS   SFR11          

        CLASS   SFR12          

        CLASS   SFR13          

        CLASS   SFR14          

        CLASS   SFR15          

        CLASS   SFR16          

        CLASS   SFR17          

        CLASS   SFR18          

        CLASS   SFR19          

        CLASS   SFR20          

        CLASS   SFR21          

        CLASS   SFR22          

        CLASS   SFR23          

        CLASS   SFR24          

        CLASS   SFR25          

        CLASS   SFR26          

        CLASS   SFR27          

        CLASS   SFR28          

        CLASS   SFR29          

        CLASS   SFR30          

        CLASS   SFR31          

        CLASS   CONFIG         
                config                             8007     8007        5         0

        CLASS   IDLOC          

        CLASS   EEDATA         

        CLASS   BANK31         

        CLASS   BANK30         

        CLASS   BANK29         

        CLASS   BANK28         

        CLASS   BANK27         

        CLASS   BANK26         

        CLASS   BANK25         

        CLASS   BANK24         

        CLASS   BANK23         

        CLASS   BANK22         

        CLASS   BANK21         

        CLASS   BANK20         

        CLASS   BANK19         

        CLASS   BANK18         

        CLASS   BANK17         

        CLASS   BANK16         

        CLASS   BANK15         

        CLASS   BANK14         

        CLASS   BANK13         



SEGMENTS        Name                           Load    Length   Top    Selector   Space  Class     Delta

                reset_vec                      000000  000003  000003         0       0  CODE        2
                text57                         000003  000001  000004         6       0  CODE        2
                intentry                       000004  0007FC  000800         8       0  CODE        2
                cstackBANK0                    000020  000050  000070        20       1  BANK0       1
                cstackCOMMON                   000070  00000E  00007E        70       1  COMMON      1
                bssBANK1                       0000A0  000033  0000D3        A0       1  BANK1       1
                text31                         000800  000009  000809      1000       0  CODE        2
                text4                          000809  000043  00084C      1012       0  CODE        2
                text69                         00084C  0000C2  00090E      1098       0  CODE        2
                text9                          00090E  0001DF  000AED      121C       0  CODE        2
                text21                         000AED  00021D  000D0A      15DA       0  CODE        2
                text16                         000D0A  000303  00100D      1A14       0  CODE        2
                text30                         00100D  00001F  00102C      201A       0  CODE        2
                text73                         00102C  000022  00104E      2058       0  CODE        2
                text3                          00104E  000023  001071      209C       0  CODE        2
                text47                         001071  000025  001096      20E2       0  CODE        2
                text22                         001096  000027  0010BD      212C       0  CODE        2
                text48                         0010BD  000029  0010E6      217A       0  CODE        2
                text7                          0010E6  000043  001129      21CC       0  CODE        2
                text6                          001129  000043  00116C      2252       0  CODE        2
                text5                          00116C  000043  0011AF      22D8       0  CODE        2
                text34                         0011AF  000052  001201      235E       0  CODE        2
                text59                         001201  00005D  00125E      2402       0  CODE        2
                text17                         00125E  00005E  0012BC      24BC       0  CODE        2
                text13                         0012BC  000067  001323      2578       0  CODE        2
                text60                         001323  000069  00138C      2646       0  CODE        2
                text18                         00138C  00006A  0013F6      2718       0  CODE        2
                text2                          0013F6  00006D  001463      27EC       0  CODE        2
                text42                         001463  000078  0014DB      28C6       0  CODE        2
                text12                         0014DB  000082  00155D      29B6       0  CODE        2
                text58                         00155D  00008B  0015E8      2ABA       0  CODE        2
                text46                         0015E8  00008F  001677      2BD0       0  CODE        2
                text1                          001677  000189  001800      2CEE       0  CODE        2
                swtext2                        001800  000068  001868      3000       0  CONST       2
                text68                         001E00  000001  001E01      3C00       0  CODE        2
                text71                         001E01  000003  001E04      3C02       0  CODE        2
                text27                         001E04  000003  001E07      3C08       0  CODE        2
                text26                         001E07  000003  001E0A      3C0E       0  CODE        2
                text24                         001E0A  000003  001E0D      3C14       0  CODE        2
                idataBANK1                     001E0D  000003  001E10      3C1A       0  CODE        2
                text70                         001E10  000004  001E14      3C20       0  CODE        2
                text51                         001E14  000004  001E18      3C28       0  CODE        2
                text25                         001E18  000004  001E1C      3C30       0  CODE        2
                text23                         001E1C  000004  001E20      3C38       0  CODE        2
                text66                         001E20  000006  001E26      3C40       0  CODE        2
                clrtext                        001E26  000006  001E2C      3C4C       0  CODE        2
                inittext                       001E2C  000006  001E32      3C58       0  CODE        2
                idataBANK0                     001E32  000006  001E38      3C64       0  CODE        2
                text33                         001E38  000008  001E40      3C70       0  CODE        2
                text61                         001E40  000009  001E49      3C80       0  CODE        2
                text40                         001E49  000009  001E52      3C92       0  CODE        2
                text38                         001E52  000009  001E5B      3CA4       0  CODE        2
                text36                         001E5B  000009  001E64      3CB6       0  CODE        2
                text35                         001E64  000009  001E6D      3CC8       0  CODE        2
                text63                         001E6D  00000A  001E77      3CDA       0  CODE        2
                text67                         001E77  00000E  001E85      3CEE       0  CODE        2
                text56                         001E85  00000E  001E93      3D0A       0  CODE        2
                text55                         001E93  00000E  001EA1      3D26       0  CODE        2
                text37                         001EA1  00000E  001EAF      3D42       0  CODE        2
                text29                         001EAF  00000E  001EBD      3D5E       0  CODE        2
                text15                         001EBD  00000E  001ECB      3D7A       0  CODE        2
                text72                         001ECB  00000F  001EDA      3D96       0  CODE        2
                text50                         001EDA  00000F  001EE9      3DB4       0  CODE        2
                text64                         001EE9  000010  001EF9      3DD2       0  CODE        2
                text49                         001EF9  000010  001F09      3DF2       0  CODE        2
                text20                         001F09  000010  001F19      3E12       0  CODE        2
                text19                         001F19  000010  001F29      3E32       0  CODE        2
                text45                         001F29  000011  001F3A      3E52       0  CODE        2
                text44                         001F3A  000011  001F4B      3E74       0  CODE        2
                text43                         001F4B  000011  001F5C      3E96       0  CODE        2
                text14                         001F5C  000011  001F6D      3EB8       0  CODE        2
                text62                         001F6D  000012  001F7F      3EDA       0  CODE        2
                text41                         001F7F  000017  001F96      3EFE       0  CODE        2
                text53                         001F96  000019  001FAF      3F2C       0  CODE        2
                text10                         001FAF  00001A  001FC9      3F5E       0  CODE        2
                text39                         001FC9  00001B  001FE4      3F92       0  CODE        2
                text28                         001FE4  00001C  002000      3FC8       0  CODE        2
                config                         008007  000005  00800C     1000E       0  CONFIG      2


UNUSED ADDRESS RANGES

        Name                Unused          Largest block    Delta
        BANK1            000D3-000EF              1D           1
        BANK10           00520-0056F              50           1
        BANK11           005A0-005EF              50           1
        BANK12           00620-0064F              30           1
        BANK2            00120-0016F              50           1
        BANK3            001A0-001EF              50           1
        BANK4            00220-0026F              50           1
        BANK5            002A0-002EF              50           1
        BANK6            00320-0036F              50           1
        BANK7            003A0-003EF              50           1
        BANK8            00420-0046F              50           1
        BANK9            004A0-004EF              50           1
        BIGRAM           02000-023EF             3F0           1
        CODE             01868-01DFF             598           2
        CONST            01868-01DFF             100           2
        EEDATA           0F000-0F0FF             100           2
        ENTRY            01868-01DFF             100           2
        IDLOC            08000-08003               4           2
        RAM              000D3-000EF              1D           1
                         00120-0016F              50
                         001A0-001EF              50
                         00220-0026F              50
                         002A0-002EF              50
                         00320-0036F              50
                         003A0-003EF              50
                         00420-0046F              50
                         004A0-004EF              50
                         00520-0056F              50
                         005A0-005EF              50
                         00620-0064F              30
        SFR0             00000-0001F              20           1
        SFR1             00080-0009F              20           1
        SFR10            00500-0051F              20           1
        SFR11            00580-0059F              20           1
        SFR12            00600-0061F              20           1
        SFR13            00680-006EF              70           1
        SFR14            00700-0076F              70           1
        SFR15            00780-007EF              70           1
        SFR16            00800-0086F              70           1
        SFR17            00880-008EF              70           1
        SFR18            00900-0096F              70           1
        SFR19            00980-009EF              70           1
        SFR2             00100-0011F              20           1
        SFR20            00A00-00A6F              70           1
        SFR21            00A80-00AEF              70           1
        SFR22            00B00-00B6F              70           1
        SFR23            00B80-00BEF              70           1
        SFR24            00C00-00C6F              70           1
        SFR25            00C80-00CEF              70           1
        SFR26            00D00-00D6F              70           1
        SFR27            00D80-00DEF              70           1
        SFR28            00E00-00E6F              70           1
        SFR29            00E80-00EEF              70           1
        SFR3             00180-0019F              20           1
        SFR30            00F00-00F6F              70           1
        SFR31            00F80-00FEF              70           1
        SFR4             00200-0021F              20           1
        SFR5             00280-0029F              20           1
        SFR6             00300-0031F              20           1
        SFR7             00380-0039F              20           1
        SFR8             00400-0041F              20           1
        SFR9             00480-0049F              20           1
        STACK            02083-023EF             36D           1
        STRCODE          01868-01DFF             598           2
        STRING           01868-01DFF             100           2

                                  Symbol Table

?_ADCC_GetSingleConversion                      cstackBANK0  00020
?_RingBuffer_ReadRegister                       cstackBANK0  00037
?_RingBuffer_ReadRegisterFromIndex              cstackBANK0  00022
?___awdiv                                       cstackBANK0  00020
?___awmod                                       cstackBANK0  00020
?i1___awdiv                                     cstackCOMMON 00070
?i1___awmod                                     cstackCOMMON 00070
ADCC_GetSingleConversion@channel                cstackBANK0  00023
DATAEE_ReadByte@bAdd                            cstackBANK0  00020
DATAEE_WriteByte@GIEBitValue                    cstackBANK0  00023
DATAEE_WriteByte@bAdd                           cstackBANK0  00020
DATAEE_WriteByte@bData                          cstackBANK0  00022
EUSART_Read@readValue                           cstackBANK0  00021
EUSART_SetRxInterruptHandler@interruptHandler   cstackBANK0  00020
EUSART_Write@txData                             cstackBANK0  00020
INT_SetInterruptHandler@InterruptHandler        cstackBANK0  00020
IOCBF4_SetInterruptHandler@InterruptHandler     cstackBANK0  00020
RingBuffer_MHF@n                                cstackBANK0  00021
RingBuffer_MHF@pointer                          cstackBANK0  00022
RingBuffer_ReadRegister@result                  cstackBANK0  0003D
RingBuffer_ReadRegisterFromIndex@index          cstackBANK0  00028
RingBuffer_ReadRegisterFromIndex@oldest_pointer cstackBANK0  0002E
RingBuffer_ReadRegisterFromIndex@result         cstackBANK0  00029
RingBuffer_WriteRegister@h                      cstackBANK0  0003C
RingBuffer_WriteRegister@l                      cstackBANK0  0003A
RingBuffer_WriteRegister@m                      cstackBANK0  00037
RingBuffer_WriteRegister@s                      cstackBANK0  00038
RingBuffer_WriteRegister@t                      cstackBANK0  00039
TMR1_SetInterruptHandler@InterruptHandler       cstackBANK0  00020
TMR1_WriteTimer@timerVal                        cstackCOMMON 00070
WriteI2C@data_out                               cstackBANK0  00021
_ADACCH                                         (abs)        00091
_ADACCL                                         (abs)        00090
_ADACQ                                          (abs)        0009D
_ADACT                                          (abs)        00099
_ADCAP                                          (abs)        0009B
_ADCC_GetSingleConversion                       text53       01F96
_ADCC_Initialize                                text41       01F7F
_ADCLK                                          (abs)        00098
_ADCNT                                          (abs)        0010C
_ADCON0                                         (abs)        00093
_ADCON0bits                                     (abs)        00093
_ADCON1                                         (abs)        00094
_ADCON1bits                                     (abs)        00094
_ADCON2                                         (abs)        00095
_ADCON2bits                                     (abs)        00095
_ADCON3                                         (abs)        00096
_ADCON3bits                                     (abs)        00096
_ADERRH                                         (abs)        00117
_ADERRL                                         (abs)        00116
_ADFLTRH                                        (abs)        00115
_ADFLTRL                                        (abs)        00114
_ADLTHH                                         (abs)        0010F
_ADLTHL                                         (abs)        0010E
_ADPCH                                          (abs)        0009E
_ADPRE                                          (abs)        0009C
_ADPREVH                                        (abs)        0008F
_ADPREVL                                        (abs)        0008E
_ADREF                                          (abs)        0009A
_ADRESH                                         (abs)        0008D
_ADRESL                                         (abs)        0008C
_ADRPT                                          (abs)        0010D
_ADSTAT                                         (abs)        00097
_ADSTATbits                                     (abs)        00097
_ADSTPTH                                        (abs)        00113
_ADSTPTL                                        (abs)        00112
_ADUTHH                                         (abs)        00111
_ADUTHL                                         (abs)        00110
_ANSELA                                         (abs)        00F38
_ANSELB                                         (abs)        00F43
_ANSELC                                         (abs)        00F4E
_ANSELD                                         (abs)        00F59
_ANSELE                                         (abs)        00F64
_BAUD1CON                                       (abs)        0011F
_CCPTMRS1bits                                   (abs)        0021F
_DATAEE_ReadByte                                text19       01F19
_DATAEE_WriteByte                               text47       01071
_EUSART_Initialize                              text39       01FC9
_EUSART_Read                                    text52       007C8
_EUSART_Receive_ISR                             text73       0102C
_EUSART_RxDefaultInterruptHandler               nvBANK1      000CC
_EUSART_SetRxInterruptHandler                   text40       01E49
_EUSART_Write                                   text15       01EBD
_EUSART_is_rx_ready                             text51       01E14
_EXT_INT_Initialize                             text37       01EA1
_INTCONbits                                     (abs)        0000B
_INTERRUPT_InterruptManager                     intentry     00004
_INTPPS                                         (abs)        00E90
_INT_CallBack                                   text67       01E77
_INT_DefaultInterruptHandler                    text68       01E00
_INT_ISR                                        text66       01E20
_INT_InterruptHandler                           nvBANK1      000C6
_INT_SetInterruptHandler                        text38       01E52
_IOCBF4_DefaultInterruptHandler                 text65       00002
_IOCBF4_ISR                                     text64       01EE9
_IOCBF4_InterruptHandler                        nvBANK1      000CE
_IOCBF4_SetInterruptHandler                     text35       01E64
_IOCBFbits                                      (abs)        00F4A
_IOCBNbits                                      (abs)        00F49
_IOCBPbits                                      (abs)        00F48
_LATA                                           (abs)        00016
_LATAbits                                       (abs)        00016
_LATB                                           (abs)        00017
_LATC                                           (abs)        00018
_LATD                                           (abs)        00019
_LATE                                           (abs)        0001A
_M_STATE                                        bssBANK1     000BE
_NVMADRH                                        (abs)        0081B
_NVMADRL                                        (abs)        0081A
_NVMCON1bits                                    (abs)        0081E
_NVMCON2                                        (abs)        0081F
_NVMDATH                                        (abs)        0081D
_NVMDATL                                        (abs)        0081C
_ODCONA                                         (abs)        00F3A
_ODCONB                                         (abs)        00F45
_ODCONC                                         (abs)        00F50
_ODCOND                                         (abs)        00F5B
_ODCONE                                         (abs)        00F66
_OSCCON1                                        (abs)        0088D
_OSCCON3                                        (abs)        0088F
_OSCEN                                          (abs)        00891
_OSCFRQ                                         (abs)        00893
_OSCILLATOR_Initialize                          text36       01E5B
_OSCTUNE                                        (abs)        00892
_PIE0bits                                       (abs)        00716
_PIE3bits                                       (abs)        00719
_PIE4bits                                       (abs)        0071A
_PIN_MANAGER_IOC                                text63       01E6D
_PIN_MANAGER_Initialize                         text34       011AF
_PIR0bits                                       (abs)        0070C
_PIR3bits                                       (abs)        0070F
_PIR4bits                                       (abs)        00710
_PMD0                                           (abs)        00796
_PMD1                                           (abs)        00797
_PMD2                                           (abs)        00798
_PMD3                                           (abs)        00799
_PMD4                                           (abs)        0079A
_PMD5                                           (abs)        0079B
_PMD_Initialize                                 text33       01E38
_PORTBbits                                      (abs)        0000D
_PORTCbits                                      (abs)        0000E
_PPSLOCK                                        (abs)        00E8F
_PPSLOCKbits                                    (abs)        00E8F
_PR2                                            (abs)        0028D
_PWM6CON                                        (abs)        0038E
_PWM6DCH                                        (abs)        0038D
_PWM6DCL                                        (abs)        0038C
_PWM6_Initialize                                text32       01000
_PWM_Output_D4_Disable                          text50       01EDA
_PWM_Output_D4_Enable                           text49       01EF9
_RA6PPS                                         (abs)        00F16
_RC1REG                                         (abs)        00119
_RC1STA                                         (abs)        0011D
_RC1STAbits                                     (abs)        0011D
_RC3PPS                                         (abs)        00F23
_RC4PPS                                         (abs)        00F24
_RC5_LastValue                                  dataBANK1    000D0
_RC6PPS                                         (abs)        00F26
_Rb                                             dataBANK0    0006A
_ReadI2C                                        text3        0104E
_RingBuffer_MHF                                 text48       010BD
_RingBuffer_ReadRegister                        text13       012BC
_RingBuffer_ReadRegisterFromIndex               text12       014DB
_RingBuffer_WriteRegister                       text42       01463
_SLRCONA                                        (abs)        00F3B
_SLRCONB                                        (abs)        00F46
_SLRCONC                                        (abs)        00F51
_SLRCOND                                        (abs)        00F5C
_SLRCONE                                        (abs)        00F67
_SP1BRGH                                        (abs)        0011C
_SP1BRGL                                        (abs)        0011B
_SSP1ADD                                        (abs)        0018D
_SSP1BUF                                        (abs)        0018C
_SSP1CLKPPS                                     (abs)        00EC5
_SSP1CON1                                       (abs)        00190
_SSP1CON1bits                                   (abs)        00190
_SSP1CON2                                       (abs)        00191
_SSP1CON2bits                                   (abs)        00191
_SSP1DATPPS                                     (abs)        00EC6
_SSP1MSK                                        (abs)        0018E
_SSP1STAT                                       (abs)        0018F
_SSP1STATbits                                   (abs)        0018F
_SYSTEM_Initialize                              text28       01FE4
_T1CLK                                          (abs)        00211
_T1CON                                          (abs)        0020E
_T1CONbits                                      (abs)        0020E
_T1GATE                                         (abs)        00210
_T1GCON                                         (abs)        0020F
_T1GCONbits                                     (abs)        0020F
_T2CLKCON                                       (abs)        00290
_T2CON                                          (abs)        0028E
_T2CONbits                                      (abs)        0028E
_T2HLT                                          (abs)        0028F
_T2HLTbits                                      (abs)        0028F
_T2PR                                           (abs)        0028D
_T2RST                                          (abs)        00291
_T2RSTbits                                      (abs)        00291
_T2TMR                                          (abs)        0028C
_TMR1H                                          (abs)        0020D
_TMR1IF                                         (abs)        03880
_TMR1L                                          (abs)        0020C
_TMR1_CallBack                                  text56       01E85
_TMR1_DefaultInterruptHandler                   text57       00003
_TMR1_ISR                                       text55       01E93
_TMR1_Initialize                                text30       0100D
_TMR1_InterruptHandler                          nvBANK1      000C8
_TMR1_Reload                                    text61       01E40
_TMR1_SetInterruptHandler                       text31       00800
_TMR1_StartTimer                                text27       01E04
_TMR1_WriteTimer                                text62       01F6D
_TMR2                                           (abs)        0028C
_TMR2_Initialize                                text29       01EAF
_TMR2_Start                                     text26       01E07
_TMR2_StartTimer                                text25       01E18
_TMR2_Stop                                      text24       01E0A
_TMR2_StopTimer                                 text23       01E1C
_TRISA                                          (abs)        00011
_TRISB                                          (abs)        00012
_TRISC                                          (abs)        00013
_TRISD                                          (abs)        00014
_TRISE                                          (abs)        00015
_TX1REG                                         (abs)        0011A
_TX1STA                                         (abs)        0011E
_TX1STAbits                                     (abs)        0011E
_TXPPS                                          (abs)        00ECC
_WPUA                                           (abs)        00F39
_WPUB                                           (abs)        00F44
_WPUC                                           (abs)        00F4F
_WPUD                                           (abs)        00F5A
_WPUE                                           (abs)        00F65
_WriteI2C                                       text2        013F6
__CFG_BOREN$ON                                  (abs)        00000
__CFG_BORV$LO                                   (abs)        00000
__CFG_CLKOUTEN$OFF                              (abs)        00000
__CFG_CP$OFF                                    (abs)        00000
__CFG_CPD$OFF                                   (abs)        00000
__CFG_CSWEN$ON                                  (abs)        00000
__CFG_DEBUG$OFF                                 (abs)        00000
__CFG_FCMEN$ON                                  (abs)        00000
__CFG_FEXTOSC$OFF                               (abs)        00000
__CFG_LPBOREN$OFF                               (abs)        00000
__CFG_LVP$ON                                    (abs)        00000
__CFG_MCLRE$ON                                  (abs)        00000
__CFG_PPS1WAY$OFF                               (abs)        00000
__CFG_PWRTE$OFF                                 (abs)        00000
__CFG_RSTOSC$HFINT1                             (abs)        00000
__CFG_SCANE$available                           (abs)        00000
__CFG_STVREN$ON                                 (abs)        00000
__CFG_WDTCCS$SC                                 (abs)        00000
__CFG_WDTCPS$WDTCPS_31                          (abs)        00000
__CFG_WDTCWS$WDTCWS_7                           (abs)        00000
__CFG_WDTE$OFF                                  (abs)        00000
__CFG_WRT$OFF                                   (abs)        00000
__CFG_ZCD$OFF                                   (abs)        00000
__Habs1                                         abs1         00000
__Hbank0                                        bank0        00000
__Hbank1                                        bank1        00000
__Hbank10                                       bank10       00000
__Hbank11                                       bank11       00000
__Hbank12                                       bank12       00000
__Hbank13                                       bank13       00000
__Hbank14                                       bank14       00000
__Hbank15                                       bank15       00000
__Hbank16                                       bank16       00000
__Hbank17                                       bank17       00000
__Hbank18                                       bank18       00000
__Hbank19                                       bank19       00000
__Hbank2                                        bank2        00000
__Hbank20                                       bank20       00000
__Hbank21                                       bank21       00000
__Hbank22                                       bank22       00000
__Hbank23                                       bank23       00000
__Hbank24                                       bank24       00000
__Hbank25                                       bank25       00000
__Hbank26                                       bank26       00000
__Hbank27                                       bank27       00000
__Hbank28                                       bank28       00000
__Hbank29                                       bank29       00000
__Hbank3                                        bank3        00000
__Hbank30                                       bank30       00000
__Hbank31                                       bank31       00000
__Hbank4                                        bank4        00000
__Hbank5                                        bank5        00000
__Hbank6                                        bank6        00000
__Hbank7                                        bank7        00000
__Hbank8                                        bank8        00000
__Hbank9                                        bank9        00000
__Hbigram                                       bigram       00000
__HbssBANK0                                     bssBANK0     00000
__HbssBANK1                                     bssBANK1     00000
__Hcinit                                        cinit        00092
__Hclrtext                                      clrtext      00000
__Hcode                                         code         00000
__Hcommon                                       common       00000
__Hconfig                                       config       0800C
__HcstackBANK0                                  cstackBANK0  00000
__HcstackCOMMON                                 cstackCOMMON 00000
__HdataBANK0                                    dataBANK0    00000
__HdataBANK1                                    dataBANK1    00000
__HdataCOMMON                                   dataCOMMON   00000
__Heeprom_data                                  eeprom_data  00000
__Hend_init                                     end_init     0005E
__Hfunctab                                      functab      00000
__HidataBANK0                                   idataBANK0   00000
__HidataBANK1                                   idataBANK1   00000
__HidataCOMMON                                  idataCOMMON  00000
__Hidloc                                        idloc        00000
__Hinit                                         init         0005C
__Hinittext                                     inittext     00000
__Hintentry                                     intentry     0005C
__Hmaintext                                     maintext     00000
__HnvBANK1                                      nvBANK1      00000
__Hpowerup                                      powerup      00000
__Hram                                          ram          00000
__Hreset_vec                                    reset_vec    00002
__Hsfr0                                         sfr0         00000
__Hsfr1                                         sfr1         00000
__Hsfr10                                        sfr10        00000
__Hsfr11                                        sfr11        00000
__Hsfr12                                        sfr12        00000
__Hsfr13                                        sfr13        00000
__Hsfr14                                        sfr14        00000
__Hsfr15                                        sfr15        00000
__Hsfr16                                        sfr16        00000
__Hsfr17                                        sfr17        00000
__Hsfr18                                        sfr18        00000
__Hsfr19                                        sfr19        00000
__Hsfr2                                         sfr2         00000
__Hsfr20                                        sfr20        00000
__Hsfr21                                        sfr21        00000
__Hsfr22                                        sfr22        00000
__Hsfr23                                        sfr23        00000
__Hsfr24                                        sfr24        00000
__Hsfr25                                        sfr25        00000
__Hsfr26                                        sfr26        00000
__Hsfr27                                        sfr27        00000
__Hsfr28                                        sfr28        00000
__Hsfr29                                        sfr29        00000
__Hsfr3                                         sfr3         00000
__Hsfr30                                        sfr30        00000
__Hsfr31                                        sfr31        00000
__Hsfr4                                         sfr4         00000
__Hsfr5                                         sfr5         00000
__Hsfr6                                         sfr6         00000
__Hsfr7                                         sfr7         00000
__Hsfr8                                         sfr8         00000
__Hsfr9                                         sfr9         00000
__Hspace_0                                      (abs)        0800C
__Hspace_1                                      (abs)        000D3
__Hspace_2                                      (abs)        00000
__Hspace_3                                      (abs)        00000
__Hstack                                        stack        00000
__Hstrings                                      strings      00000
__Htext                                         text         00000
__Labs1                                         abs1         00000
__Lbank0                                        bank0        00000
__Lbank1                                        bank1        00000
__Lbank10                                       bank10       00000
__Lbank11                                       bank11       00000
__Lbank12                                       bank12       00000
__Lbank13                                       bank13       00000
__Lbank14                                       bank14       00000
__Lbank15                                       bank15       00000
__Lbank16                                       bank16       00000
__Lbank17                                       bank17       00000
__Lbank18                                       bank18       00000
__Lbank19                                       bank19       00000
__Lbank2                                        bank2        00000
__Lbank20                                       bank20       00000
__Lbank21                                       bank21       00000
__Lbank22                                       bank22       00000
__Lbank23                                       bank23       00000
__Lbank24                                       bank24       00000
__Lbank25                                       bank25       00000
__Lbank26                                       bank26       00000
__Lbank27                                       bank27       00000
__Lbank28                                       bank28       00000
__Lbank29                                       bank29       00000
__Lbank3                                        bank3        00000
__Lbank30                                       bank30       00000
__Lbank31                                       bank31       00000
__Lbank4                                        bank4        00000
__Lbank5                                        bank5        00000
__Lbank6                                        bank6        00000
__Lbank7                                        bank7        00000
__Lbank8                                        bank8        00000
__Lbank9                                        bank9        00000
__Lbigram                                       bigram       00000
__LbssBANK0                                     bssBANK0     00000
__LbssBANK1                                     bssBANK1     00000
__Lcinit                                        cinit        0005E
__Lclrtext                                      clrtext      00000
__Lcode                                         code         00000
__Lcommon                                       common       00000
__Lconfig                                       config       08007
__LcstackBANK0                                  cstackBANK0  00000
__LcstackCOMMON                                 cstackCOMMON 00000
__LdataBANK0                                    dataBANK0    00000
__LdataBANK1                                    dataBANK1    00000
__LdataCOMMON                                   dataCOMMON   00000
__Leeprom_data                                  eeprom_data  00000
__Lend_init                                     end_init     0005C
__Lfunctab                                      functab      00000
__LidataBANK0                                   idataBANK0   00000
__LidataBANK1                                   idataBANK1   00000
__LidataCOMMON                                  idataCOMMON  00000
__Lidloc                                        idloc        00000
__Linit                                         init         0005C
__Linittext                                     inittext     00000
__Lintentry                                     intentry     00004
__Lmaintext                                     maintext     00000
__LnvBANK1                                      nvBANK1      00000
__Lpowerup                                      powerup      00000
__Lram                                          ram          00000
__Lreset_vec                                    reset_vec    00000
__Lsfr0                                         sfr0         00000
__Lsfr1                                         sfr1         00000
__Lsfr10                                        sfr10        00000
__Lsfr11                                        sfr11        00000
__Lsfr12                                        sfr12        00000
__Lsfr13                                        sfr13        00000
__Lsfr14                                        sfr14        00000
__Lsfr15                                        sfr15        00000
__Lsfr16                                        sfr16        00000
__Lsfr17                                        sfr17        00000
__Lsfr18                                        sfr18        00000
__Lsfr19                                        sfr19        00000
__Lsfr2                                         sfr2         00000
__Lsfr20                                        sfr20        00000
__Lsfr21                                        sfr21        00000
__Lsfr22                                        sfr22        00000
__Lsfr23                                        sfr23        00000
__Lsfr24                                        sfr24        00000
__Lsfr25                                        sfr25        00000
__Lsfr26                                        sfr26        00000
__Lsfr27                                        sfr27        00000
__Lsfr28                                        sfr28        00000
__Lsfr29                                        sfr29        00000
__Lsfr3                                         sfr3         00000
__Lsfr30                                        sfr30        00000
__Lsfr31                                        sfr31        00000
__Lsfr4                                         sfr4         00000
__Lsfr5                                         sfr5         00000
__Lsfr6                                         sfr6         00000
__Lsfr7                                         sfr7         00000
__Lsfr8                                         sfr8         00000
__Lsfr9                                         sfr9         00000
__Lspace_0                                      (abs)        00000
__Lspace_1                                      (abs)        00000
__Lspace_2                                      (abs)        00000
__Lspace_3                                      (abs)        00000
__Lstack                                        stack        00000
__Lstrings                                      strings      00000
__Ltext                                         text         00000
__S0                                            (abs)        0800C
__S1                                            (abs)        000D3
__S2                                            (abs)        00000
__S3                                            (abs)        00000
___awdiv                                        text18       0138C
___awdiv@counter                                cstackBANK0  00025
___awdiv@dividend                               cstackBANK0  00022
___awdiv@divisor                                cstackBANK0  00020
___awdiv@quotient                               cstackBANK0  00027
___awdiv@sign                                   cstackBANK0  00026
___awmod                                        text17       0125E
___awmod@counter                                cstackBANK0  00025
___awmod@dividend                               cstackBANK0  00022
___awmod@divisor                                cstackBANK0  00020
___awmod@sign                                   cstackBANK0  00026
___bmul                                         text10       01FAF
___bmul@multiplicand                            cstackBANK0  00020
___bmul@multiplier                              cstackBANK0  00023
___bmul@product                                 cstackBANK0  00022
___int_sp                                       stack        00000
___latbits                                      (abs)        00002
___lbmod                                        text22       01096
___lbmod@counter                                cstackBANK0  00024
___lbmod@dividend                               cstackBANK0  00023
___lbmod@divisor                                cstackBANK0  00020
___lbmod@rem                                    cstackBANK0  00025
___sp                                           stack        00000
__end_of_ADCC_GetSingleConversion               text53       01FAF
__end_of_ADCC_Initialize                        text41       01F96
__end_of_DATAEE_ReadByte                        text19       01F29
__end_of_DATAEE_WriteByte                       text47       01096
__end_of_EUSART_Initialize                      text39       01FE4
__end_of_EUSART_Read                            text52       007F4
__end_of_EUSART_Receive_ISR                     text73       0104E
__end_of_EUSART_SetRxInterruptHandler           text40       01E52
__end_of_EUSART_Write                           text15       01ECB
__end_of_EUSART_is_rx_ready                     text51       01E18
__end_of_EXT_INT_Initialize                     text37       01EAF
__end_of_INTERRUPT_InterruptManager             intentry     0005C
__end_of_INT_CallBack                           text67       01E85
__end_of_INT_DefaultInterruptHandler            text68       01E01
__end_of_INT_ISR                                text66       01E26
__end_of_INT_SetInterruptHandler                text38       01E5B
__end_of_IOCBF4_DefaultInterruptHandler         text65       00003
__end_of_IOCBF4_ISR                             text64       01EF9
__end_of_IOCBF4_SetInterruptHandler             text35       01E6D
__end_of_OSCILLATOR_Initialize                  text36       01E64
__end_of_PIN_MANAGER_IOC                        text63       01E77
__end_of_PIN_MANAGER_Initialize                 text34       01201
__end_of_PMD_Initialize                         text33       01E40
__end_of_PWM6_Initialize                        text32       0100D
__end_of_PWM_Output_D4_Disable                  text50       01EE9
__end_of_PWM_Output_D4_Enable                   text49       01F09
__end_of_ReadI2C                                text3        01071
__end_of_RingBuffer_MHF                         text48       010E6
__end_of_RingBuffer_ReadRegister                text13       01323
__end_of_RingBuffer_ReadRegisterFromIndex       text12       0155D
__end_of_RingBuffer_WriteRegister               text42       014DB
__end_of_SYSTEM_Initialize                      text28       02000
__end_of_TMR1_CallBack                          text56       01E93
__end_of_TMR1_DefaultInterruptHandler           text57       00004
__end_of_TMR1_ISR                               text55       01EA1
__end_of_TMR1_Initialize                        text30       0102C
__end_of_TMR1_Reload                            text61       01E49
__end_of_TMR1_SetInterruptHandler               text31       00809
__end_of_TMR1_StartTimer                        text27       01E07
__end_of_TMR1_WriteTimer                        text62       01F7F
__end_of_TMR2_Initialize                        text29       01EBD
__end_of_TMR2_Start                             text26       01E0A
__end_of_TMR2_StartTimer                        text25       01E1C
__end_of_TMR2_Stop                              text24       01E0D
__end_of_TMR2_StopTimer                         text23       01E20
__end_of_WriteI2C                               text2        01463
__end_of___awdiv                                text18       013F6
__end_of___awmod                                text17       012BC
__end_of___bmul                                 text10       01FC9
__end_of___lbmod                                text22       010BD
__end_of__initialization                        cinit        0008E
__end_of_count                                  text58       015E8
__end_of_displayUI                              text21       00D0A
__end_of_i2c1_driver_open                       text20       01F19
__end_of_loadParams                             text16       01000
__end_of_main                                   maintext     007C8
__end_of_processCommand                         text11       00570
__end_of_processS1                              text69       0090E
__end_of_processS2                              text9        00AED
__end_of_resetUI                                text8        007FE
__end_of_saveEmptyFlag                          text45       01F3A
__end_of_saveLumMax                             text7        01129
__end_of_saveLumMin                             text6        0116C
__end_of_saveReadPointer                        text14       01F6D
__end_of_saveTempMax                            text5        011AF
__end_of_saveTempMin                            text4        0084C
__end_of_saveValidRegisters                     text44       01F4B
__end_of_saveWritePointer                       text43       01F5C
__end_of_tsttc                                  text1        01800
__end_of_updateChecksum                         text46       01677
__end_ofi1_PWM_Output_D4_Disable                text72       01EDA
__end_ofi1_TMR2_Stop                            text71       01E04
__end_ofi1_TMR2_StopTimer                       text70       01E14
__end_ofi1___awdiv                              text60       0138C
__end_ofi1___awmod                              text59       0125E
__initialization                                cinit        0005E
__pbssBANK0                                     bssBANK0     0005E
__pbssBANK1                                     bssBANK1     000A0
__pcstackBANK0                                  cstackBANK0  00020
__pcstackCOMMON                                 cstackCOMMON 00070
__pdataBANK0                                    dataBANK0    0006A
__pdataBANK1                                    dataBANK1    000D0
__pdataCOMMON                                   dataCOMMON   0007C
__pidataBANK0                                   idataBANK0   01E32
__pidataBANK1                                   idataBANK1   01E0D
__pidataCOMMON                                  idataCOMMON  007FE
__pintentry                                     intentry     00004
__pmaintext                                     maintext     00570
__pnvBANK1                                      nvBANK1      000C6
__pswtext1                                      swtext1      01850
__pswtext2                                      swtext2      01800
__pswtext3                                      swtext3      0181C
__pswtext4                                      swtext4      01836
__ptext1                                        text1        01677
__ptext10                                       text10       01FAF
__ptext11                                       text11       00092
__ptext12                                       text12       014DB
__ptext13                                       text13       012BC
__ptext14                                       text14       01F5C
__ptext15                                       text15       01EBD
__ptext16                                       text16       00D0A
__ptext17                                       text17       0125E
__ptext18                                       text18       0138C
__ptext19                                       text19       01F19
__ptext2                                        text2        013F6
__ptext20                                       text20       01F09
__ptext21                                       text21       00AED
__ptext22                                       text22       01096
__ptext23                                       text23       01E1C
__ptext24                                       text24       01E0A
__ptext25                                       text25       01E18
__ptext26                                       text26       01E07
__ptext27                                       text27       01E04
__ptext28                                       text28       01FE4
__ptext29                                       text29       01EAF
__ptext3                                        text3        0104E
__ptext30                                       text30       0100D
__ptext31                                       text31       00800
__ptext32                                       text32       01000
__ptext33                                       text33       01E38
__ptext34                                       text34       011AF
__ptext35                                       text35       01E64
__ptext36                                       text36       01E5B
__ptext37                                       text37       01EA1
__ptext38                                       text38       01E52
__ptext39                                       text39       01FC9
__ptext4                                        text4        00809
__ptext40                                       text40       01E49
__ptext41                                       text41       01F7F
__ptext42                                       text42       01463
__ptext43                                       text43       01F4B
__ptext44                                       text44       01F3A
__ptext45                                       text45       01F29
__ptext46                                       text46       015E8
__ptext47                                       text47       01071
__ptext48                                       text48       010BD
__ptext49                                       text49       01EF9
__ptext5                                        text5        0116C
__ptext50                                       text50       01EDA
__ptext51                                       text51       01E14
__ptext52                                       text52       007C8
__ptext53                                       text53       01F96
__ptext55                                       text55       01E93
__ptext56                                       text56       01E85
__ptext57                                       text57       00003
__ptext58                                       text58       0155D
__ptext59                                       text59       01201
__ptext6                                        text6        01129
__ptext60                                       text60       01323
__ptext61                                       text61       01E40
__ptext62                                       text62       01F6D
__ptext63                                       text63       01E6D
__ptext64                                       text64       01EE9
__ptext65                                       text65       00002
__ptext66                                       text66       01E20
__ptext67                                       text67       01E77
__ptext68                                       text68       01E00
__ptext69                                       text69       0084C
__ptext7                                        text7        010E6
__ptext70                                       text70       01E10
__ptext71                                       text71       01E01
__ptext72                                       text72       01ECB
__ptext73                                       text73       0102C
__ptext8                                        text8        007F4
__ptext9                                        text9        0090E
__size_of_ADCC_GetSingleConversion              (abs)        00000
__size_of_ADCC_Initialize                       (abs)        00000
__size_of_DATAEE_ReadByte                       (abs)        00000
__size_of_DATAEE_WriteByte                      (abs)        00000
__size_of_EUSART_Initialize                     (abs)        00000
__size_of_EUSART_Read                           (abs)        00000
__size_of_EUSART_Receive_ISR                    (abs)        00000
__size_of_EUSART_SetRxInterruptHandler          (abs)        00000
__size_of_EUSART_Write                          (abs)        00000
__size_of_EUSART_is_rx_ready                    (abs)        00000
__size_of_EXT_INT_Initialize                    (abs)        00000
__size_of_INTERRUPT_InterruptManager            (abs)        00000
__size_of_INT_CallBack                          (abs)        00000
__size_of_INT_DefaultInterruptHandler           (abs)        00000
__size_of_INT_ISR                               (abs)        00000
__size_of_INT_SetInterruptHandler               (abs)        00000
__size_of_IOCBF4_DefaultInterruptHandler        (abs)        00000
__size_of_IOCBF4_ISR                            (abs)        00000
[...]
 Defined at:
		line 144 in file "mcc_generated_files/pin_manager.c"
 Parameters:    Size  Location     Type
		None
 Auto vars:     Size  Location     Type
		None
 Return value:  Size  Location     Type
                  1    wreg      void 
 Registers used:
		wreg, status,2, status,0, pclath, cstack
 Tracked objects:
		On entry : 
		On exit  : 
		Unchanged: 
 Data sizes:     COMMON   BANK0   BANK1   BANK2   BANK3   BANK4   BANK5   BANK6   BANK7   BANK8   BANK9  BANK10  BANK11  BANK12
      Params:         0       0       0       0       0       0       0       0       0       0       0       0       0       0
      Locals:         0       0       0       0       0       0       0       0       0       0       0       0       0       0
      Temps:          0       0       0       0       0       0       0       0       0       0       0       0       0       0
      Totals:         0       0       0       0       0       0       0       0       0       0       0       0       0       0
Total ram usage:        0 bytes
 Hardware stack levels used:    1
 Hardware stack levels required when called:    2
 This function calls:
		_IOCBF4_ISR
 This function is called by:
		_INTERRUPT_InterruptManager
 This function uses a non-reentrant model


 *************** function _IOCBF4_ISR *****************
 Defined at:
		line 156 in file "mcc_generated_files/pin_manager.c"
 Parameters:    Size  Location     Type
		None
 Auto vars:     Size  Location     Type
		None
 Return value:  Size  Location     Type
                  1    wreg      void 
 Registers used:
		wreg, status,2, status,0, pclath, cstack
 Tracked objects:
		On entry : 
		On exit  : 
		Unchanged: 
 Data sizes:     COMMON   BANK0   BANK1   BANK2   BANK3   BANK4   BANK5   BANK6   BANK7   BANK8   BANK9  BANK10  BANK11  BANK12
      Params:         0       0       0       0       0       0       0       0       0       0       0       0       0       0
      Locals:         0       0       0       0       0       0       0       0       0       0       0       0       0       0
      Temps:          0       0       0       0       0       0       0       0       0       0       0       0       0       0
      Totals:         0       0       0       0       0       0       0       0       0       0       0       0       0       0
Total ram usage:        0 bytes
 Hardware stack levels used:    1
 Hardware stack levels required when called:    1
 This function calls:
		Absolute function
		_IOCBF4_DefaultInterruptHandler
 This function is called by:
		_PIN_MANAGER_IOC
 This function uses a non-reentrant model


 *************** function _IOCBF4_DefaultInterruptHandler *****************
 Defined at:
		line 178 in file "mcc_generated_files/pin_manager.c"
 Parameters:    Size  Location     Type
		None
 Auto vars:     Size  Location     Type
		None
 Return value:  Size  Location     Type
                  1    wreg      void 
 Registers used:
		None
 Tracked objects:
		On entry : 
		On exit  : 
		Unchanged: 
 Data sizes:     COMMON   BANK0   BANK1   BANK2   BANK3   BANK4   BANK5   BANK6   BANK7   BANK8   BANK9  BANK10  BANK11  BANK12
      Params:         0       0       0       0       0       0       0       0       0       0       0       0       0       0
      Locals:         0       0       0       0       0       0       0       0       0       0       0       0       0       0
      Temps:          0       0       0       0       0       0       0       0       0       0       0       0       0       0
      Totals:         0       0       0       0       0       0       0       0       0       0       0       0       0       0
Total ram usage:        0 bytes
 Hardware stack levels used:    1
 This function calls:
		Nothing
 This function is called by:
		_PIN_MANAGER_Initialize
		_IOCBF4_ISR
 This function uses a non-reentrant model


 *************** function _INT_ISR *****************
 Defined at:
		line 32 in file "mcc_generated_files/ext_int.c"
 Parameters:    Size  Location     Type
		None
 Auto vars:     Size  Location     Type
		None
 Return value:  Size  Location     Type
                  1    wreg      void 
 Registers used:
		wreg, fsr0l, fsr0h, status,2, status,0, pclath, cstack
 Tracked objects:
		On entry : 
		On exit  : 
		Unchanged: 
 Data sizes:     COMMON   BANK0   BANK1   BANK2   BANK3   BANK4   BANK5   BANK6   BANK7   BANK8   BANK9  BANK10  BANK11  BANK12
      Params:         0       0       0       0       0       0       0       0       0       0       0       0       0       0
      Locals:         0       0       0       0       0       0       0       0       0       0       0       0       0       0
      Temps:          0       0       0       0       0       0       0       0       0       0       0       0       0       0
      Totals:         0       0       0       0       0       0       0       0       0       0       0       0       0       0
Total ram usage:        0 bytes
 Hardware stack levels used:    1
 Hardware stack levels required when called:    4
 This function calls:
		_INT_CallBack
 This function is called by:
		_INTERRUPT_InterruptManager
 This function uses a non-reentrant model


 *************** function _INT_CallBack *****************
 Defined at:
		line 41 in file "mcc_generated_files/ext_int.c"
 Parameters:    Size  Location     Type
		None
 Auto vars:     Size  Location     Type
		None
 Return value:  Size  Location     Type
                  1    wreg      void 
 Registers used:
		wreg, fsr0l, fsr0h, status,2, status,0, pclath, cstack
 Tracked objects:
		On entry : 
		On exit  : 
		Unchanged: 
 Data sizes:     COMMON   BANK0   BANK1   BANK2   BANK3   BANK4   BANK5   BANK6   BANK7   BANK8   BANK9  BANK10  BANK11  BANK12
      Params:         0       0       0       0       0       0       0       0       0       0       0       0       0       0
      Locals:         0       0       0       0       0       0       0       0       0       0       0       0       0       0
      Temps:          0       0       0       0       0       0       0       0       0       0       0       0       0       0
      Totals:         0       0       0       0       0       0       0       0       0       0       0       0       0       0
Total ram usage:        0 bytes
 Hardware stack levels used:    1
 Hardware stack levels required when called:    3
 This function calls:
		Absolute function
		_INT_DefaultInterruptHandler
		_processS1
 This function is called by:
		_INT_ISR
 This function uses a non-reentrant model


 *************** function _INT_DefaultInterruptHandler *****************
 Defined at:
		line 54 in file "mcc_generated_files/ext_int.c"
 Parameters:    Size  Location     Type
		None
 Auto vars:     Size  Location     Type
		None
 Return value:  Size  Location     Type
                  1    wreg      void 
 Registers used:
		None
 Tracked objects:
		On entry : 
		On exit  : 
		Unchanged: 
 Data sizes:     COMMON   BANK0   BANK1   BANK2   BANK3   BANK4   BANK5   BANK6   BANK7   BANK8   BANK9  BANK10  BANK11  BANK12
      Params:         0       0       0       0       0       0       0       0       0       0       0       0       0       0
      Locals:         0       0       0       0       0       0       0       0       0       0       0       0       0       0
      Temps:          0       0       0       0       0       0       0       0       0       0       0       0       0       0
      Totals:         0       0       0       0       0       0       0       0       0       0       0       0       0       0
Total ram usage:        0 bytes
 Hardware stack levels used:    1
 This function calls:
		Nothing
 This function is called by:
		_EXT_INT_Initialize
		_INT_CallBack
 This function uses a non-reentrant model


 *************** function _processS1 *****************
 Defined at:
		line 432 in file "main.c"
 Parameters:    Size  Location     Type
		None
 Auto vars:     Size  Location     Type
		None
 Return value:  Size  Location     Type
                  1    wreg      void 
 Registers used:
		wreg, fsr0l, fsr0h, status,2, status,0, pclath, cstack
 Tracked objects:
		On entry : 
		On exit  : 
		Unchanged: 
 Data sizes:     COMMON   BANK0   BANK1   BANK2   BANK3   BANK4   BANK5   BANK6   BANK7   BANK8   BANK9  BANK10  BANK11  BANK12
      Params:         0       0       0       0       0       0       0       0       0       0       0       0       0       0
      Locals:         0       0       0       0       0       0       0       0       0       0       0       0       0       0
      Temps:          2       0       0       0       0       0       0       0       0       0       0       0       0       0
      Totals:         2       0       0       0       0       0       0       0       0       0       0       0       0       0
Total ram usage:        2 bytes
 Hardware stack levels used:    1
 Hardware stack levels required when called:    2
 This function calls:
		i1_PWM_Output_D4_Disable
		i1_TMR2_StopTimer
 This function is called by:
		_main
		_INT_CallBack
 This function uses a non-reentrant model


 *************** function i1_TMR2_StopTimer *****************
 Defined at:
		line 117 in file "mcc_generated_files/tmr2.c"
 Parameters:    Size  Location     Type
		None
 Auto vars:     Size  Location     Type
		None
 Return value:  Size  Location     Type
                  1    wreg      void 
 Registers used:
		status,2, status,0, pclath, cstack
 Tracked objects:
		On entry : 
		On exit  : 
		Unchanged: 
 Data sizes:     COMMON   BANK0   BANK1   BANK2   BANK3   BANK4   BANK5   BANK6   BANK7   BANK8   BANK9  BANK10  BANK11  BANK12
      Params:         0       0       0       0       0       0       0       0       0       0       0       0       0       0
      Locals:         0       0       0       0       0       0       0       0       0       0       0       0       0       0
      Temps:          0       0       0       0       0       0       0       0       0       0       0       0       0       0
      Totals:         0       0       0       0       0       0       0       0       0       0       0       0       0       0
Total ram usage:        0 bytes
 Hardware stack levels used:    1
 Hardware stack levels required when called:    1
 This function calls:
		i1_TMR2_Stop
 This function is called by:
		_processS1
 This function uses a non-reentrant model


 *************** function i1_TMR2_Stop *****************
 Defined at:
		line 111 in file "mcc_generated_files/tmr2.c"
 Parameters:    Size  Location     Type
		None
 Auto vars:     Size  Location     Type
		None
 Return value:  Size  Location     Type
                  1    wreg      void 
 Registers used:
		None
 Tracked objects:
		On entry : 
		On exit  : 
		Unchanged: 
 Data sizes:     COMMON   BANK0   BANK1   BANK2   BANK3   BANK4   BANK5   BANK6   BANK7   BANK8   BANK9  BANK10  BANK11  BANK12
      Params:         0       0       0       0       0       0       0       0       0       0       0       0       0       0
      Locals:         0       0       0       0       0       0       0       0       0       0       0       0       0       0
      Temps:          0       0       0       0       0       0       0       0       0       0       0       0       0       0
      Totals:         0       0       0       0       0       0       0       0       0       0       0       0       0       0
Total ram usage:        0 bytes
 Hardware stack levels used:    1
 This function calls:
		Nothing
 This function is called by:
		i1_TMR2_StopTimer
 This function uses a non-reentrant model


 *************** function i1_PWM_Output_D4_Disable *****************
 Defined at:
		line 419 in file "main.c"
 Parameters:    Size  Location     Type
		None
 Auto vars:     Size  Location     Type
		None
 Return value:  Size  Location     Type
                  1    wreg      void 
 Registers used:
		wreg, status,2
 Tracked objects:
		On entry : 
		On exit  : 
		Unchanged: 
 Data sizes:     COMMON   BANK0   BANK1   BANK2   BANK3   BANK4   BANK5   BANK6   BANK7   BANK8   BANK9  BANK10  BANK11  BANK12
      Params:         0       0       0       0       0       0       0       0       0       0       0       0       0       0
      Locals:         0       0       0       0       0       0       0       0       0       0       0       0       0       0
      Temps:          0       0       0       0       0       0       0       0       0       0       0       0       0       0
      Totals:         0       0       0       0       0       0       0       0       0       0       0       0       0       0
Total ram usage:        0 bytes
 Hardware stack levels used:    1
 This function calls:
		Nothing
 This function is called by:
		_processS1
 This function uses a non-reentrant model


 *************** function _EUSART_Receive_ISR *****************
 Defined at:
		line 149 in file "mcc_generated_files/eusart.c"
 Parameters:    Size  Location     Type
		None
 Auto vars:     Size  Location     Type
		None
 Return value:  Size  Location     Type
                  1    wreg      void 
 Registers used:
		wreg, fsr1l, fsr1h, status,2, status,0
 Tracked objects:
		On entry : 
		On exit  : 
		Unchanged: 
 Data sizes:     COMMON   BANK0   BANK1   BANK2   BANK3   BANK4   BANK5   BANK6   BANK7   BANK8   BANK9  BANK10  BANK11  BANK12
      Params:         0       0       0       0       0       0       0       0       0       0       0       0       0       0
      Locals:         0       0       0       0       0       0       0       0       0       0       0       0       0       0
      Temps:          1       0       0       0       0       0       0       0       0       0       0       0       0       0
      Totals:         1       0       0       0       0       0       0       0       0       0       0       0       0       0
Total ram usage:        1 bytes
 Hardware stack levels used:    1
 This function calls:
		Nothing
 This function is called by:
		_EUSART_Initialize
		_INTERRUPT_InterruptManager
 This function uses a non-reentrant model



MODULE INFORMATION

Module		Function		Class		Link	Load	Size
mcc_generated_files/pwm6.c
		_PWM6_Initialize		CODE           	1000	0000	14

mcc_generated_files/pwm6.c estimated size: 14

mcc_generated_files/tmr2.c
		_TMR2_Initialize		CODE           	1EAF	0000	15
		_TMR2_Stop     		CODE           	1E0A	0000	4
		_TMR2_Start    		CODE           	1E07	0000	4
		_TMR2_StopTimer		CODE           	1E1C	0000	5
		_TMR2_StartTimer		CODE           	1E18	0000	5

mcc_generated_files/tmr2.c estimated size: 33

mcc_generated_files/interrupt_manager.c
		_INTERRUPT_InterruptManager		CODE           	0004	0000	89

mcc_generated_files/interrupt_manager.c estimated size: 89

D:\Programas\MPLABX\xc8\pic\sources\c99\common\awmod.c
		___awmod       		CODE           	125E	0000	95

D:\Programas\MPLABX\xc8\pic\sources\c99\common\awmod.c estimated size: 95

mcc_generated_files/pin_manager.c
		_PIN_MANAGER_Initialize		CODE           	11AF	0000	83
		_IOCBF4_DefaultInterruptHandler		CODE           	0002	0000	2
		_IOCBF4_ISR    		CODE           	1EE9	0000	17
		_PIN_MANAGER_IOC		CODE           	1E6D	0000	11
		_IOCBF4_SetInterruptHandler		CODE           	1E64	0000	10

mcc_generated_files/pin_manager.c estimated size: 123

I2C/i2c.c
		_ReadI2C       		CODE           	104E	0000	36
		_WriteI2C      		CODE           	13F6	0000	110

I2C/i2c.c estimated size: 146

mcc_generated_files/ext_int.c
		_INT_DefaultInterruptHandler		CODE           	1E00	0000	2
		_EXT_INT_Initialize		CODE           	1EA1	0000	15
		_INT_SetInterruptHandler		CODE           	1E52	0000	10
		_INT_CallBack  		CODE           	1E77	0000	15
		_INT_ISR       		CODE           	1E20	0000	7

mcc_generated_files/ext_int.c estimated size: 49

D:\Programas\MPLABX\xc8\pic\sources\c99\common\awdiv.c
		___awdiv       		CODE           	138C	0000	107

D:\Programas\MPLABX\xc8\pic\sources\c99\common\awdiv.c estimated size: 107

D:\Programas\MPLABX\xc8\pic\sources\c99\common\lbmod.c
		___lbmod       		CODE           	1096	0000	40

D:\Programas\MPLABX\xc8\pic\sources\c99\common\lbmod.c estimated size: 40

shared
		i1___awdiv     		CODE           	1323	0000	106
		__initialization		CODE           	005E	0000	49
		i1_PWM_Output_D4_Disable		CODE           	1ECB	0000	16
		i1___awmod     		CODE           	1201	0000	94
		i1_TMR2_Stop   		CODE           	1E01	0000	4
		i1_TMR2_StopTimer		CODE           	1E10	0000	5

shared estimated size: 274

mcc_generated_files/mcc.c
		_PMD_Initialize		CODE           	1E38	0000	9
		_OSCILLATOR_Initialize		CODE           	1E5B	0000	10
		_SYSTEM_Initialize		CODE           	1FE4	0000	29

mcc_generated_files/mcc.c estimated size: 48

D:\Programas\MPLABX\xc8\pic\sources\c99\common\Umul8.c
		___bmul        		CODE           	1FAF	0000	27

D:\Programas\MPLABX\xc8\pic\sources\c99\common\Umul8.c estimated size: 27

mcc_generated_files/tmr1.c
		_TMR1_Initialize		CODE           	100D	0000	32
		_TMR1_SetInterruptHandler		CODE           	0800	0000	10
		_TMR1_Reload   		CODE           	1E40	0000	10
		_TMR1_DefaultInterruptHandler		CODE           	0003	0000	2
		_TMR1_CallBack 		CODE           	1E85	0000	15
		_TMR1_WriteTimer		CODE           	1F6D	0000	19
		_TMR1_StartTimer		CODE           	1E04	0000	4
		_TMR1_ISR      		CODE           	1E93	0000	15

mcc_generated_files/tmr1.c estimated size: 107

mcc_generated_files/memory.c
		_DATAEE_WriteByte		CODE           	1071	0000	38
		_DATAEE_ReadByte		CODE           	1F19	0000	17

mcc_generated_files/memory.c estimated size: 55

mcc_generated_files/i2c1_driver.c
		_i2c1_driver_open		CODE           	1F09	0000	17

mcc_generated_files/i2c1_driver.c estimated size: 17

mcc_generated_files/eusart.c
		_EUSART_SetRxInterruptHandler		CODE           	1E49	0000	10
		_EUSART_Read   		CODE           	07C8	0000	45
		_EUSART_Write  		CODE           	1EBD	0000	15
		_EUSART_Initialize		CODE           	1FC9	0000	28
		_EUSART_Receive_ISR		CODE           	102C	0000	35
		_EUSART_is_rx_ready		CODE           	1E14	0000	5

mcc_generated_files/eusart.c estimated size: 138

mcc_generated_files/adcc.c
		_ADCC_GetSingleConversion		CODE           	1F96	0000	26
		_ADCC_Initialize		CODE           	1F7F	0000	24

mcc_generated_files/adcc.c estimated size: 50

main.c
		_processS1     		CODE           	084C	0000	195
		_processS2     		CODE           	090E	0000	480
		_PWM_Output_D4_Disable		CODE           	1EDA	0000	16
		_displayUI     		CODE           	0AED	0000	542
		_main          		CODE           	0570	0000	601
		_saveReadPointer		CODE           	1F5C	0000	18
		_processCommand		CODE           	0092	0000	1247
		_saveTempMin   		CODE           	0809	0000	68
		_saveTempMax   		CODE           	116C	0000	68
		_RingBuffer_ReadRegister		CODE           	12BC	0000	104
		_RingBuffer_WriteRegister		CODE           	1463	0000	121
		_PWM_Output_D4_Enable		CODE           	1EF9	0000	17
		_saveValidRegisters		CODE           	1F3A	0000	18
		_updateChecksum		CODE           	15E8	0000	144
		_saveLumMin    		CODE           	1129	0000	68
		_saveLumMax    		CODE           	10E6	0000	68
		_resetUI       		CODE           	07F4	0000	11
		_RingBuffer_ReadRegisterFromIndex		CODE           	14DB	0000	131
		_saveEmptyFlag 		CODE           	1F29	0000	18
		_saveWritePointer		CODE           	1F4B	0000	18
		_RingBuffer_MHF		CODE           	10BD	0000	42
		_tsttc         		CODE           	1677	0000	394
		_loadParams    		CODE           	0D0A	0000	759
		_count         		CODE           	155D	0000	140

main.c estimated size: 5288

