Microchip MPLAB XC8 Compiler V2.00 ()

Linker command line:

-W-3 --edf=C:\Program Files (x86)\Microchip\xc8\v2.00\pic\dat\en_msgs.txt \
  -cs -h+dist/default/debug\Lab1.X.debug.sym \
  --cmf=dist/default/debug\Lab1.X.debug.cmf -z -Q16LF18875 \
  -oC:\Users\Eduardo\AppData\Local\Temp\s3mo.2 --defsym=__MPLAB_BUILD=1 \
  -Mdist/default/debug/Lab1.X.debug.map -E1 -ver=XC8 --acfsm=1493 \
  -ASTACK=0206Dh-023efh -pstack=STACK -ACODE=00h-07FFhx4 \
  -ASTRCODE=00h-01FFFh -ASTRING=00h-0FFhx32 -ACONST=00h-0FFhx32 \
  -AENTRY=00h-0FFhx32 -ACOMMON=070h-07Fh -ABANK0=020h-06Fh \
  -ABANK1=0A0h-0EFh -ABANK2=0120h-016Fh -ABANK3=01A0h-01EFh \
  -ABANK4=0220h-026Fh -ABANK5=02A0h-02EFh -ABANK6=0320h-036Fh \
  -ABANK7=03A0h-03EFh -ABANK8=0420h-046Fh -ABANK9=04A0h-04EFh \
  -ABANK10=0520h-056Fh -ABANK11=05A0h-05EFh -ABANK12=0620h-064Fh \
  -ABIGRAM=02000h-023EFh \
  -ARAM=020h-06Fh,0A0h-0EFh,0120h-016Fh,01A0h-01EFh,0220h-026Fh,02A0h-02EFh,0320h-036Fh,03A0h-03EFh,0420h-046Fh,04A0h-04EFh,0520h-056Fh,05A0h-05EFh,0620h-064Fh \
  -AABS1=020h-07Fh,0A0h-0EFh,0120h-016Fh,01A0h-01EFh,0220h-026Fh,02A0h-02EFh,0320h-036Fh,03A0h-03EFh,0420h-046Fh,04A0h-04EFh,0520h-056Fh,05A0h-05EFh,0620h-064Fh \
  -ASFR0=00h-01Fh -ASFR1=080h-09Fh -ASFR2=0100h-011Fh -ASFR3=0180h-019Fh \
  -ASFR4=0200h-021Fh -ASFR5=0280h-029Fh -ASFR6=0300h-031Fh \
  -ASFR7=0380h-039Fh -ASFR8=0400h-041Fh -ASFR9=0480h-049Fh \
  -ASFR10=0500h-051Fh -ASFR11=0580h-059Fh -ASFR12=0600h-061Fh \
  -ASFR13=0680h-06EFh -ASFR14=0700h-076Fh -ASFR15=0780h-07EFh \
  -ASFR16=0800h-086Fh -ASFR17=0880h-08EFh -ASFR18=0900h-096Fh \
  -ASFR19=0980h-09EFh -ASFR20=0A00h-0A6Fh -ASFR21=0A80h-0AEFh \
  -ASFR22=0B00h-0B6Fh -ASFR23=0B80h-0BEFh -ASFR24=0C00h-0C6Fh \
  -ASFR25=0C80h-0CEFh -ASFR26=0D00h-0D6Fh -ASFR27=0D80h-0DEFh \
  -ASFR28=0E00h-0E6Fh -ASFR29=0E80h-0EEFh -ASFR30=0F00h-0F6Fh \
  -ASFR31=0F80h-0FEFh -preset_vec=00h,intentry=04h,init,end_init \
  -ppowerup=CODE -pcinit=CODE -pfunctab=ENTRY -ACONFIG=08007h-0800Bh \
  -pconfig=CONFIG -DCONFIG=2 -AIDLOC=08000h-08003h -pidloc=IDLOC -DIDLOC=2 \
  -AEEDATA=00h-0FFh/0F000h -peeprom_data=EEDATA -DEEDATA=2 -DCODE=2 \
  -DSTRCODE=2 -DSTRING=2 -DCONST=2 -DENTRY=2 -k \
  C:\Users\Eduardo\AppData\Local\Temp\s3mo.o \
  dist/default/debug\Lab1.X.debug.o 

Object code version is 3.11

Machine type is 16LF18875



                Name                               Link     Load   Length Selector   Space Scale
C:\Users\Eduardo\AppData\Local\Temp\s3mo.o
                end_init                             4C       4C        2        8       0
                reset_vec                             0        0        2        0       0
                config                             8007     8007        5    1000E       0
dist/default/debug\Lab1.X.debug.o
                cinit                                4E       4E       34        8       0
                intentry                              4        4       48        8       0
                text60                             1767     1767        F     2ECE       0
                text59                             16A2     16A2        3     2D44       0
                text58                             16B1     16B1        4     2D62       0
                swtext3                             81A      81A       1A     1000       0
                text57                              68C      68C       A8        8       0
                text56                             169F     169F        1     2D3E       0
                text55                             1721     1721        E     2E42       0
                text54                             16BD     16BD        6     2D7A       0
                text53                             16A0     16A0        1     2D40       0
                text52                             1785     1785       10     2F0A       0
                text51                             170A     170A        A     2E14       0
                text50                             17D7     17D7       12     2FAE       0
                text49                             16DD     16DD        9     2DBA       0
                text48                              B0E      B0E       69     161C       0
                text47                              A53      A53       5D     14A6       0
                text46                              734      734       9B        8       0
                text45                             16A1     16A1        1     2D42       0
                text44                             172F     172F        E     2E5E       0
                text43                             173D     173D        E     2E7A       0
                text41                              844      844       19     1088       0
                text40                             1776     1776        F     2EEC       0
                text39                             1795     1795       10     2F2A       0
                text38                              8D2      8D2       25     11A4       0
                text37                              C4D      C4D       86     189A       0
                text36                             17B5     17B5       11     2F6A       0
                text35                             17C6     17C6       11     2F8C       0
                text34                              B77      B77       69     16EE       0
                text33                             17E9     17E9       17     2FD2       0
                text32                             16E6     16E6        9     2DCC       0
                text31                             174B     174B        E     2E96       0
                text30                             16EF     16EF        9     2DDE       0
                text29                             16F8     16F8        9     2DF0       0
                text28                              A07      A07       4C     140E       0
                text27                             16D5     16D5        8     2DAA       0
                text26                             1714     1714        D     2E28       0
                text25                             1701     1701        9     2E02       0
                text24                              890      890       1F     1120       0
                text23                             1759     1759        E     2EB2       0
                text22                              85D      85D       19     10BA       0
                text21                             16A5     16A5        3     2D4A       0
                text20                             16A8     16A8        3     2D50       0
                text19                             16B5     16B5        4     2D6A       0
                text18                             16AB     16AB        3     2D56       0
                text17                             16B9     16B9        4     2D72       0
                text16                              7CF      7CF       27        8       0
                swtext2                             800      800       1A     1000       0
                text15                              2BB      2BB      210        8       0
                text14                             17A5     17A5       10     2F4A       0
                text13                              834      834       10     1068       0
                text12                               82       82      239        8       0
                text11                              AB0      AB0       5E     1560       0
                text10                              876      876       1A     10EC       0
                swtext1                            1000     1000       18     2000       0
                text9                               4CB      4CB      1C1        8       0
                text8                               7F6      7F6        A        8       0
                text7                               97D      97D       45     12FA       0
                text6                               9C2      9C2       45     1384       0
                text5                               8F7      8F7       43     11EE       0
                text4                               93A      93A       43     1274       0
                text3                               8AF      8AF       23     115E       0
                text2                               BE0      BE0       6D     17C0       0
                text1                               CD3      CD3      189     19A6       0
                maintext                            E5C      E5C      1A4     1CB8       0
                cstackBANK0                          20       20       3C       20       1
                cstackCOMMON                         70       70        C       70       1
                clrtext                            16C3     16C3        6     2D86       0
                inittext                           16C9     16C9        6     2D92       0
                dataBANK1                            BA       BA        3       A0       1
                bssBANK1                             A0       A0       12       A0       1
                dataBANK0                            6A       6A        6       20       1
                bssBANK0                             5C       5C        E       20       1
                dataCOMMON                           7C       7C        2       70       1
                nvBANK1                              B2       B2        8       A0       1
                idataBANK1                         16AE     16AE        3     2D5C       0
                idataBANK0                         16CF     16CF        6     2D9E       0
                idataCOMMON                           2        2        2        0       0

TOTAL           Name                               Link     Load   Length     Space
        CLASS   STACK          

        CLASS   CODE           
                end_init                             4C       4C        2         0
                cinit                                4E       4E       34         0
                intentry                              4        4       48         0
                reset_vec                             0        0        2         0
                text60                             1767     1767        F         0
                text59                             16A2     16A2        3         0
                text58                             16B1     16B1        4         0
                text57                              68C      68C       A8         0
                text56                             169F     169F        1         0
                text55                             1721     1721        E         0
                text54                             16BD     16BD        6         0
                text53                             16A0     16A0        1         0
                text52                             1785     1785       10         0
                text51                             170A     170A        A         0
                text50                             17D7     17D7       12         0
                text49                             16DD     16DD        9         0
                text48                              B0E      B0E       69         0
                text47                              A53      A53       5D         0
                text46                              734      734       9B         0
                text45                             16A1     16A1        1         0
                text44                             172F     172F        E         0
                text43                             173D     173D        E         0
                text41                              844      844       19         0
                text40                             1776     1776        F         0
                text39                             1795     1795       10         0
                text38                              8D2      8D2       25         0
                text37                              C4D      C4D       86         0
                text36                             17B5     17B5       11         0
                text35                             17C6     17C6       11         0
                text34                              B77      B77       69         0
                text33                             17E9     17E9       17         0
                text32                             16E6     16E6        9         0
                text31                             174B     174B        E         0
                text30                             16EF     16EF        9         0
                text29                             16F8     16F8        9         0
                text28                              A07      A07       4C         0
                text27                             16D5     16D5        8         0
                text26                             1714     1714        D         0
                text25                             1701     1701        9         0
                text24                              890      890       1F         0
                text23                             1759     1759        E         0
                text22                              85D      85D       19         0
                text21                             16A5     16A5        3         0
                text20                             16A8     16A8        3         0
                text19                             16B5     16B5        4         0
                text18                             16AB     16AB        3         0
                text17                             16B9     16B9        4         0
                text16                              7CF      7CF       27         0
                text15                              2BB      2BB      210         0
                text14                             17A5     17A5       10         0
                text13                              834      834       10         0
                text12                               82       82      239         0
                text11                              AB0      AB0       5E         0
                text10                              876      876       1A         0
                text9                               4CB      4CB      1C1         0
                text8                               7F6      7F6        A         0
                text7                               97D      97D       45         0
                text6                               9C2      9C2       45         0
                text5                               8F7      8F7       43         0
                text4                               93A      93A       43         0
                text3                               8AF      8AF       23         0
                text2                               BE0      BE0       6D         0
                text1                               CD3      CD3      189         0
                maintext                            E5C      E5C      1A4         0
                clrtext                            16C3     16C3        6         0
                inittext                           16C9     16C9        6         0
                idataBANK1                         16AE     16AE        3         0
                idataBANK0                         16CF     16CF        6         0
                idataCOMMON                           2        2        2         0

        CLASS   STRCODE        

        CLASS   STRING         

        CLASS   CONST          
                swtext3                             81A      81A       1A         0
                swtext2                             800      800       1A         0
                swtext1                            1000     1000       18         0

        CLASS   ENTRY          

        CLASS   COMMON         
                cstackCOMMON                         70       70        C         1
                dataCOMMON                           7C       7C        2         1

        CLASS   BANK0          
                cstackBANK0                          20       20       3C         1
                dataBANK0                            6A       6A        6         1
                bssBANK0                             5C       5C        E         1

        CLASS   BANK1          
                dataBANK1                            BA       BA        3         1
                bssBANK1                             A0       A0       12         1
                nvBANK1                              B2       B2        8         1

        CLASS   BANK2          

        CLASS   BANK3          

        CLASS   BANK4          

        CLASS   BANK5          

        CLASS   BANK6          

        CLASS   BANK7          

        CLASS   BANK8          

        CLASS   BANK9          

        CLASS   BANK10         

        CLASS   BANK11         

        CLASS   BANK12         

        CLASS   BIGRAM         

        CLASS   RAM            

        CLASS   ABS1           
                abs_s1                               7E       7E        2         1

        CLASS   SFR0           

        CLASS   SFR1           

        CLASS   SFR2           

        CLASS   SFR3           

        CLASS   SFR4           

        CLASS   SFR5           

        CLASS   SFR6           

        CLASS   SFR7           

        CLASS   SFR8           

        CLASS   SFR9           

        CLASS   SFR10          

        CLASS   SFR11          

        CLASS   SFR12          

        CLASS   SFR13          

        CLASS   SFR14          

        CLASS   SFR15          

        CLASS   SFR16          

        CLASS   SFR17          

        CLASS   SFR18          

        CLASS   SFR19          

        CLASS   SFR20          

        CLASS   SFR21          

        CLASS   SFR22          

        CLASS   SFR23          

        CLASS   SFR24          

        CLASS   SFR25          

        CLASS   SFR26          

        CLASS   SFR27          

        CLASS   SFR28          

        CLASS   SFR29          

        CLASS   SFR30          

        CLASS   SFR31          

        CLASS   CONFIG         
                config                             8007     8007        5         0

        CLASS   IDLOC          

        CLASS   EEDATA         

        CLASS   BANK31         

        CLASS   BANK30         

        CLASS   BANK29         

        CLASS   BANK28         

        CLASS   BANK27         

        CLASS   BANK26         

        CLASS   BANK25         

        CLASS   BANK24         

        CLASS   BANK23         

        CLASS   BANK22         

        CLASS   BANK21         

        CLASS   BANK20         

        CLASS   BANK19         

        CLASS   BANK18         

        CLASS   BANK17         

        CLASS   BANK16         

        CLASS   BANK15         

        CLASS   BANK14         

        CLASS   BANK13         



SEGMENTS        Name                           Load    Length   Top    Selector   Space  Class     Delta

                reset_vec                      000000  000004  000004         0       0  CODE        2
                intentry                       000004  0007FC  000800         8       0  CODE        2
                cstackBANK0                    000020  000050  000070        20       1  BANK0       1
                cstackCOMMON                   000070  00000E  00007E        70       1  COMMON      1
                bssBANK1                       0000A0  00001D  0000BD        A0       1  BANK1       1
                swtext2                        000800  000034  000834      1000       0  CONST       2
                text13                         000834  000010  000844      1068       0  CODE        2
                text41                         000844  000019  00085D      1088       0  CODE        2
                text22                         00085D  000019  000876      10BA       0  CODE        2
                text10                         000876  00001A  000890      10EC       0  CODE        2
                text24                         000890  00001F  0008AF      1120       0  CODE        2
                text3                          0008AF  000023  0008D2      115E       0  CODE        2
                text38                         0008D2  000025  0008F7      11A4       0  CODE        2
                text5                          0008F7  000043  00093A      11EE       0  CODE        2
                text4                          00093A  000043  00097D      1274       0  CODE        2
                text7                          00097D  000045  0009C2      12FA       0  CODE        2
                text6                          0009C2  000045  000A07      1384       0  CODE        2
                text28                         000A07  00004C  000A53      140E       0  CODE        2
                text47                         000A53  00005D  000AB0      14A6       0  CODE        2
                text11                         000AB0  00005E  000B0E      1560       0  CODE        2
                text48                         000B0E  000069  000B77      161C       0  CODE        2
                text34                         000B77  000069  000BE0      16EE       0  CODE        2
                text2                          000BE0  00006D  000C4D      17C0       0  CODE        2
                text37                         000C4D  000086  000CD3      189A       0  CODE        2
                text1                          000CD3  000189  000E5C      19A6       0  CODE        2
                maintext                       000E5C  0001A4  001000      1CB8       0  CODE        2
                swtext1                        001000  000018  001018      2000       0  CONST       2
                text56                         00169F  000001  0016A0      2D3E       0  CODE        2
                text53                         0016A0  000001  0016A1      2D40       0  CODE        2
                text45                         0016A1  000001  0016A2      2D42       0  CODE        2
                text59                         0016A2  000003  0016A5      2D44       0  CODE        2
                text21                         0016A5  000003  0016A8      2D4A       0  CODE        2
                text20                         0016A8  000003  0016AB      2D50       0  CODE        2
                text18                         0016AB  000003  0016AE      2D56       0  CODE        2
                idataBANK1                     0016AE  000003  0016B1      2D5C       0  CODE        2
                text58                         0016B1  000004  0016B5      2D62       0  CODE        2
                text19                         0016B5  000004  0016B9      2D6A       0  CODE        2
                text17                         0016B9  000004  0016BD      2D72       0  CODE        2
                text54                         0016BD  000006  0016C3      2D7A       0  CODE        2
                clrtext                        0016C3  000006  0016C9      2D86       0  CODE        2
                inittext                       0016C9  000006  0016CF      2D92       0  CODE        2
                idataBANK0                     0016CF  000006  0016D5      2D9E       0  CODE        2
                text27                         0016D5  000008  0016DD      2DAA       0  CODE        2
                text49                         0016DD  000009  0016E6      2DBA       0  CODE        2
                text32                         0016E6  000009  0016EF      2DCC       0  CODE        2
                text30                         0016EF  000009  0016F8      2DDE       0  CODE        2
                text29                         0016F8  000009  001701      2DF0       0  CODE        2
                text25                         001701  000009  00170A      2E02       0  CODE        2
                text51                         00170A  00000A  001714      2E14       0  CODE        2
                text26                         001714  00000D  001721      2E28       0  CODE        2
                text55                         001721  00000E  00172F      2E42       0  CODE        2
                text44                         00172F  00000E  00173D      2E5E       0  CODE        2
                text43                         00173D  00000E  00174B      2E7A       0  CODE        2
                text31                         00174B  00000E  001759      2E96       0  CODE        2
                text23                         001759  00000E  001767      2EB2       0  CODE        2
                text60                         001767  00000F  001776      2ECE       0  CODE        2
                text40                         001776  00000F  001785      2EEC       0  CODE        2
                text52                         001785  000010  001795      2F0A       0  CODE        2
                text39                         001795  000010  0017A5      2F2A       0  CODE        2
                text14                         0017A5  000010  0017B5      2F4A       0  CODE        2
                text36                         0017B5  000011  0017C6      2F6A       0  CODE        2
                text35                         0017C6  000011  0017D7      2F8C       0  CODE        2
                text50                         0017D7  000012  0017E9      2FAE       0  CODE        2
                text33                         0017E9  000017  001800      2FD2       0  CODE        2
                config                         008007  000005  00800C     1000E       0  CONFIG      2


UNUSED ADDRESS RANGES

        Name                Unused          Largest block    Delta
        BANK1            000BD-000EF              33           1
        BANK10           00520-0056F              50           1
        BANK11           005A0-005EF              50           1
        BANK12           00620-0064F              30           1
        BANK2            00120-0016F              50           1
        BANK3            001A0-001EF              50           1
        BANK4            00220-0026F              50           1
        BANK5            002A0-002EF              50           1
        BANK6            00320-0036F              50           1
        BANK7            003A0-003EF              50           1
        BANK8            00420-0046F              50           1
        BANK9            004A0-004EF              50           1
        BIGRAM           02000-023EF             3F0           1
        CODE             01018-0169E             687           2
                         01800-01FFF             800
        CONST            01018-0169E             100           2
                         01800-01FFF             100
        EEDATA           0F000-0F0FF             100           2
        ENTRY            01018-0169E             100           2
                         01800-01FFF             100
        IDLOC            08000-08003               4           2
        RAM              000BD-000EF              33           1
                         00120-0016F              50
                         001A0-001EF              50
                         00220-0026F              50
                         002A0-002EF              50
                         00320-0036F              50
                         003A0-003EF              50
                         00420-0046F              50
                         004A0-004EF              50
                         00520-0056F              50
                         005A0-005EF              50
                         00620-0064F              30
        SFR0             00000-0001F              20           1
        SFR1             00080-0009F              20           1
        SFR10            00500-0051F              20           1
        SFR11            00580-0059F              20           1
        SFR12            00600-0061F              20           1
        SFR13            00680-006EF              70           1
        SFR14            00700-0076F              70           1
        SFR15            00780-007EF              70           1
        SFR16            00800-0086F              70           1
        SFR17            00880-008EF              70           1
        SFR18            00900-0096F              70           1
        SFR19            00980-009EF              70           1
        SFR2             00100-0011F              20           1
        SFR20            00A00-00A6F              70           1
        SFR21            00A80-00AEF              70           1
        SFR22            00B00-00B6F              70           1
        SFR23            00B80-00BEF              70           1
        SFR24            00C00-00C6F              70           1
        SFR25            00C80-00CEF              70           1
        SFR26            00D00-00D6F              70           1
        SFR27            00D80-00DEF              70           1
        SFR28            00E00-00E6F              70           1
        SFR29            00E80-00EEF              70           1
        SFR3             00180-0019F              20           1
        SFR30            00F00-00F6F              70           1
        SFR31            00F80-00FEF              70           1
        SFR4             00200-0021F              20           1
        SFR5             00280-0029F              20           1
        SFR6             00300-0031F              20           1
        SFR7             00380-0039F              20           1
        SFR8             00400-0041F              20           1
        SFR9             00480-0049F              20           1
        STACK            0206D-023EF             383           1
        STRCODE          01018-0169E             687           2
                         01800-01FFF             800
        STRING           01018-0169E             100           2
                         01800-01FFF             100

                                  Symbol Table

?_ADCC_GetSingleConversion                  cstackBANK0  00020
?___awdiv                                   cstackCOMMON 00070
?___awmod                                   cstackBANK0  00020
?i1___awmod                                 cstackCOMMON 00070
ADCC_GetSingleConversion@channel            cstackBANK0  00023
DATAEE_ReadByte@bAdd                        cstackBANK0  00020
DATAEE_WriteByte@GIEBitValue                cstackBANK0  00023
DATAEE_WriteByte@bAdd                       cstackBANK0  00020
DATAEE_WriteByte@bData                      cstackBANK0  00022
INT_SetInterruptHandler@InterruptHandler    cstackBANK0  00020
IOCBF4_SetInterruptHandler@InterruptHandler cstackBANK0  00020
RingBuffer_WriteRegister@h                  cstackBANK0  0003C
RingBuffer_WriteRegister@l                  cstackBANK0  0003A
RingBuffer_WriteRegister@m                  cstackBANK0  00037
RingBuffer_WriteRegister@s                  cstackBANK0  00038
RingBuffer_WriteRegister@t                  cstackBANK0  00039
TMR1_SetInterruptHandler@InterruptHandler   cstackBANK0  00020
TMR1_WriteTimer@timerVal                    cstackCOMMON 00070
WriteI2C@data_out                           cstackBANK0  00021
_ADACCH                                     (abs)        00091
_ADACCL                                     (abs)        00090
_ADACQ                                      (abs)        0009D
_ADACT                                      (abs)        00099
_ADCAP                                      (abs)        0009B
_ADCC_GetSingleConversion                   text41       00844
_ADCC_Initialize                            text33       017E9
_ADCLK                                      (abs)        00098
_ADCNT                                      (abs)        0010C
_ADCON0                                     (abs)        00093
_ADCON0bits                                 (abs)        00093
_ADCON1                                     (abs)        00094
_ADCON1bits                                 (abs)        00094
_ADCON2                                     (abs)        00095
_ADCON2bits                                 (abs)        00095
_ADCON3                                     (abs)        00096
_ADCON3bits                                 (abs)        00096
_ADERRH                                     (abs)        00117
_ADERRL                                     (abs)        00116
_ADFLTRH                                    (abs)        00115
_ADFLTRL                                    (abs)        00114
_ADLTHH                                     (abs)        0010F
_ADLTHL                                     (abs)        0010E
_ADPCH                                      (abs)        0009E
_ADPRE                                      (abs)        0009C
_ADPREVH                                    (abs)        0008F
_ADPREVL                                    (abs)        0008E
_ADREF                                      (abs)        0009A
_ADRESH                                     (abs)        0008D
_ADRESL                                     (abs)        0008C
_ADRPT                                      (abs)        0010D
_ADSTAT                                     (abs)        00097
_ADSTATbits                                 (abs)        00097
_ADSTPTH                                    (abs)        00113
_ADSTPTL                                    (abs)        00112
_ADUTHH                                     (abs)        00111
_ADUTHL                                     (abs)        00110
_ANSELA                                     (abs)        00F38
_ANSELB                                     (abs)        00F43
_ANSELC                                     (abs)        00F4E
_ANSELD                                     (abs)        00F59
_ANSELE                                     (abs)        00F64
_CCPTMRS1bits                               (abs)        0021F
_DATAEE_ReadByte                            text13       00834
_DATAEE_WriteByte                           text38       008D2
_EXT_INT_Initialize                         text31       0174B
_INTCONbits                                 (abs)        0000B
_INTERRUPT_InterruptManager                 intentry     00004
_INTPPS                                     (abs)        00E90
_INT_CallBack                               text55       01721
_INT_DefaultInterruptHandler                text56       0169F
_INT_ISR                                    text54       016BD
_INT_InterruptHandler                       nvBANK1      000B2
_INT_SetInterruptHandler                    text32       016E6
_IOCBF4_DefaultInterruptHandler             text53       016A0
_IOCBF4_ISR                                 text52       01785
_IOCBF4_InterruptHandler                    nvBANK1      000B8
_IOCBF4_SetInterruptHandler                 text29       016F8
_IOCBFbits                                  (abs)        00F4A
_IOCBNbits                                  (abs)        00F49
_IOCBPbits                                  (abs)        00F48
_LATA                                       (abs)        00016
_LATAbits                                   (abs)        00016
_LATB                                       (abs)        00017
_LATC                                       (abs)        00018
_LATD                                       (abs)        00019
_LATE                                       (abs)        0001A
_M_STATE                                    bssBANK0     00067
_NVMADRH                                    (abs)        0081B
_NVMADRL                                    (abs)        0081A
_NVMCON1bits                                (abs)        0081E
_NVMCON2                                    (abs)        0081F
_NVMDATH                                    (abs)        0081D
_NVMDATL                                    (abs)        0081C
_ODCONA                                     (abs)        00F3A
_ODCONB                                     (abs)        00F45
_ODCONC                                     (abs)        00F50
_ODCOND                                     (abs)        00F5B
_ODCONE                                     (abs)        00F66
_OSCCON1                                    (abs)        0088D
_OSCCON3                                    (abs)        0088F
_OSCEN                                      (abs)        00891
_OSCFRQ                                     (abs)        00893
_OSCILLATOR_Initialize                      text30       016EF
_OSCTUNE                                    (abs)        00892
_PIE0bits                                   (abs)        00716
_PIE3bits                                   (abs)        00719
_PIE4bits                                   (abs)        0071A
_PIN_MANAGER_IOC                            text51       0170A
_PIN_MANAGER_Initialize                     text28       00A07
_PIR0bits                                   (abs)        0070C
_PIR3bits                                   (abs)        0070F
_PIR4bits                                   (abs)        00710
_PMD0                                       (abs)        00796
_PMD1                                       (abs)        00797
_PMD2                                       (abs)        00798
_PMD3                                       (abs)        00799
_PMD4                                       (abs)        0079A
_PMD5                                       (abs)        0079B
_PMD_Initialize                             text27       016D5
_PORTBbits                                  (abs)        0000D
_PORTCbits                                  (abs)        0000E
_PPSLOCK                                    (abs)        00E8F
_PPSLOCKbits                                (abs)        00E8F
_PR2                                        (abs)        0028D
_PWM6CON                                    (abs)        0038E
_PWM6DCH                                    (abs)        0038D
_PWM6DCL                                    (abs)        0038C
_PWM6_Initialize                            text26       01714
_PWM_Output_D4_Disable                      text40       01776
_PWM_Output_D4_Enable                       text39       01795
_RA6PPS                                     (abs)        00F16
_RC3PPS                                     (abs)        00F23
_RC4PPS                                     (abs)        00F24
_RC5_LastValue                              dataBANK1    000BA
_Rb                                         dataBANK0    0006A
_ReadI2C                                    text3        008AF
_RingBuffer_WriteRegister                   text34       00B77
_SLRCONA                                    (abs)        00F3B
_SLRCONB                                    (abs)        00F46
_SLRCONC                                    (abs)        00F51
_SLRCOND                                    (abs)        00F5C
_SLRCONE                                    (abs)        00F67
_SSP1ADD                                    (abs)        0018D
_SSP1BUF                                    (abs)        0018C
_SSP1CLKPPS                                 (abs)        00EC5
_SSP1CON1                                   (abs)        00190
_SSP1CON1bits                               (abs)        00190
_SSP1CON2                                   (abs)        00191
_SSP1CON2bits                               (abs)        00191
_SSP1DATPPS                                 (abs)        00EC6
_SSP1MSK                                    (abs)        0018E
_SSP1STAT                                   (abs)        0018F
_SSP1STATbits                               (abs)        0018F
_SYSTEM_Initialize                          text22       0085D
_T1CLK                                      (abs)        00211
_T1CON                                      (abs)        0020E
_T1CONbits                                  (abs)        0020E
_T1GATE                                     (abs)        00210
_T1GCON                                     (abs)        0020F
_T1GCONbits                                 (abs)        0020F
_T2CLKCON                                   (abs)        00290
_T2CON                                      (abs)        0028E
_T2CONbits                                  (abs)        0028E
_T2HLT                                      (abs)        0028F
_T2HLTbits                                  (abs)        0028F
_T2PR                                       (abs)        0028D
_T2RST                                      (abs)        00291
_T2RSTbits                                  (abs)        00291
_T2TMR                                      (abs)        0028C
_TMR1H                                      (abs)        0020D
_TMR1IF                                     (abs)        03880
_TMR1L                                      (abs)        0020C
_TMR1_CallBack                              text44       0172F
_TMR1_DefaultInterruptHandler               text45       016A1
_TMR1_ISR                                   text43       0173D
_TMR1_Initialize                            text24       00890
_TMR1_InterruptHandler                      nvBANK1      000B4
_TMR1_Reload                                text49       016DD
_TMR1_SetInterruptHandler                   text25       01701
_TMR1_StartTimer                            text21       016A5
_TMR1_WriteTimer                            text50       017D7
_TMR2                                       (abs)        0028C
_TMR2_Initialize                            text23       01759
_TMR2_Start                                 text20       016A8
_TMR2_StartTimer                            text19       016B5
_TMR2_Stop                                  text18       016AB
_TMR2_StopTimer                             text17       016B9
_TRISA                                      (abs)        00011
_TRISB                                      (abs)        00012
_TRISC                                      (abs)        00013
_TRISD                                      (abs)        00014
_TRISE                                      (abs)        00015
_WPUA                                       (abs)        00F39
_WPUB                                       (abs)        00F44
_WPUC                                       (abs)        00F4F
_WPUD                                       (abs)        00F5A
_WPUE                                       (abs)        00F65
_WriteI2C                                   text2        00BE0
__CFG_BOREN$ON                              (abs)        00000
__CFG_BORV$LO                               (abs)        00000
__CFG_CLKOUTEN$OFF                          (abs)        00000
__CFG_CP$OFF                                (abs)        00000
__CFG_CPD$OFF                               (abs)        00000
__CFG_CSWEN$ON                              (abs)        00000
__CFG_DEBUG$OFF                             (abs)        00000
__CFG_FCMEN$ON                              (abs)        00000
__CFG_FEXTOSC$OFF                           (abs)        00000
__CFG_LPBOREN$OFF                           (abs)        00000
__CFG_LVP$ON                                (abs)        00000
__CFG_MCLRE$ON                              (abs)        00000
__CFG_PPS1WAY$OFF                           (abs)        00000
__CFG_PWRTE$OFF                             (abs)        00000
__CFG_RSTOSC$HFINT1                         (abs)        00000
__CFG_SCANE$available                       (abs)        00000
__CFG_STVREN$ON                             (abs)        00000
__CFG_WDTCCS$SC                             (abs)        00000
__CFG_WDTCPS$WDTCPS_31                      (abs)        00000
__CFG_WDTCWS$WDTCWS_7                       (abs)        00000
__CFG_WDTE$OFF                              (abs)        00000
__CFG_WRT$OFF                               (abs)        00000
__CFG_ZCD$OFF                               (abs)        00000
__Habs1                                     abs1         00000
__Hbank0                                    bank0        00000
__Hbank1                                    bank1        00000
__Hbank10                                   bank10       00000
__Hbank11                                   bank11       00000
__Hbank12                                   bank12       00000
__Hbank13                                   bank13       00000
__Hbank14                                   bank14       00000
__Hbank15                                   bank15       00000
__Hbank16                                   bank16       00000
__Hbank17                                   bank17       00000
__Hbank18                                   bank18       00000
__Hbank19                                   bank19       00000
__Hbank2                                    bank2        00000
__Hbank20                                   bank20       00000
__Hbank21                                   bank21       00000
__Hbank22                                   bank22       00000
__Hbank23                                   bank23       00000
__Hbank24                                   bank24       00000
__Hbank25                                   bank25       00000
__Hbank26                                   bank26       00000
__Hbank27                                   bank27       00000
__Hbank28                                   bank28       00000
__Hbank29                                   bank29       00000
__Hbank3                                    bank3        00000
__Hbank30                                   bank30       00000
__Hbank31                                   bank31       00000
__Hbank4                                    bank4        00000
__Hbank5                                    bank5        00000
__Hbank6                                    bank6        00000
__Hbank7                                    bank7        00000
__Hbank8                                    bank8        00000
__Hbank9                                    bank9        00000
__Hbigram                                   bigram       00000
__HbssBANK0                                 bssBANK0     00000
__HbssBANK1                                 bssBANK1     00000
__Hcinit                                    cinit        00082
__Hclrtext                                  clrtext      00000
__Hcode                                     code         00000
__Hcommon                                   common       00000
__Hconfig                                   config       0800C
__HcstackBANK0                              cstackBANK0  00000
__HcstackCOMMON                             cstackCOMMON 00000
__HdataBANK0                                dataBANK0    00000
__HdataBANK1                                dataBANK1    00000
__HdataCOMMON                               dataCOMMON   00000
__Heeprom_data                              eeprom_data  00000
__Hend_init                                 end_init     0004E
__Hfunctab                                  functab      00000
__HidataBANK0                               idataBANK0   00000
__HidataBANK1                               idataBANK1   00000
__HidataCOMMON                              idataCOMMON  00000
__Hidloc                                    idloc        00000
__Hinit                                     init         0004C
__Hinittext                                 inittext     00000
__Hintentry                                 intentry     0004C
__Hmaintext                                 maintext     00000
__HnvBANK1                                  nvBANK1      00000
__Hpowerup                                  powerup      00000
__Hram                                      ram          00000
__Hreset_vec                                reset_vec    00002
__Hsfr0                                     sfr0         00000
__Hsfr1                                     sfr1         00000
__Hsfr10                                    sfr10        00000
__Hsfr11                                    sfr11        00000
__Hsfr12                                    sfr12        00000
__Hsfr13                                    sfr13        00000
__Hsfr14                                    sfr14        00000
__Hsfr15                                    sfr15        00000
__Hsfr16                                    sfr16        00000
__Hsfr17                                    sfr17        00000
__Hsfr18                                    sfr18        00000
__Hsfr19                                    sfr19        00000
__Hsfr2                                     sfr2         00000
__Hsfr20                                    sfr20        00000
__Hsfr21                                    sfr21        00000
__Hsfr22                                    sfr22        00000
__Hsfr23                                    sfr23        00000
__Hsfr24                                    sfr24        00000
__Hsfr25                                    sfr25        00000
__Hsfr26                                    sfr26        00000
__Hsfr27                                    sfr27        00000
__Hsfr28                                    sfr28        00000
__Hsfr29                                    sfr29        00000
__Hsfr3                                     sfr3         00000
__Hsfr30                                    sfr30        00000
__Hsfr31                                    sfr31        00000
__Hsfr4                                     sfr4         00000
__Hsfr5                                     sfr5         00000
__Hsfr6                                     sfr6         00000
__Hsfr7                                     sfr7         00000
__Hsfr8                                     sfr8         00000
__Hsfr9                                     sfr9         00000
__Hspace_0                                  (abs)        0800C
__Hspace_1                                  (abs)        000BD
__Hspace_2                                  (abs)        00000
__Hspace_3                                  (abs)        00000
__Hstack                                    stack        00000
__Hstrings                                  strings      00000
__Htext                                     text         00000
__Labs1                                     abs1         00000
__Lbank0                                    bank0        00000
__Lbank1                                    bank1        00000
__Lbank10                                   bank10       00000
__Lbank11                                   bank11       00000
__Lbank12                                   bank12       00000
__Lbank13                                   bank13       00000
__Lbank14                                   bank14       00000
__Lbank15                                   bank15       00000
__Lbank16                                   bank16       00000
__Lbank17                                   bank17       00000
__Lbank18                                   bank18       00000
__Lbank19                                   bank19       00000
__Lbank2                                    bank2        00000
__Lbank20                                   bank20       00000
__Lbank21                                   bank21       00000
__Lbank22                                   bank22       00000
__Lbank23                                   bank23       00000
__Lbank24                                   bank24       00000
__Lbank25                                   bank25       00000
__Lbank26                                   bank26       00000
__Lbank27                                   bank27       00000
__Lbank28                                   bank28       00000
__Lbank29                                   bank29       00000
__Lbank3                                    bank3        00000
__Lbank30                                   bank30       00000
__Lbank31                                   bank31       00000
__Lbank4                                    bank4        00000
__Lbank5                                    bank5        00000
__Lbank6                                    bank6        00000
__Lbank7                                    bank7        00000
__Lbank8                                    bank8        00000
__Lbank9                                    bank9        00000
__Lbigram                                   bigram       00000
__LbssBANK0                                 bssBANK0     00000
__LbssBANK1                                 bssBANK1     00000
__Lcinit                                    cinit        0004E
__Lclrtext                                  clrtext      00000
__Lcode                                     code         00000
__Lcommon                                   common       00000
__Lconfig                                   config       08007
__LcstackBANK0                              cstackBANK0  00000
__LcstackCOMMON                             cstackCOMMON 00000
__LdataBANK0                                dataBANK0    00000
__LdataBANK1                                dataBANK1    00000
__LdataCOMMON                               dataCOMMON   00000
__Leeprom_data                              eeprom_data  00000
__Lend_init                                 end_init     0004C
__Lfunctab                                  functab      00000
__LidataBANK0                               idataBANK0   00000
__LidataBANK1                               idataBANK1   00000
__LidataCOMMON                              idataCOMMON  00000
__Lidloc                                    idloc        00000
__Linit                                     init         0004C
__Linittext                                 inittext     00000
__Lintentry                                 intentry     00004
__Lmaintext                                 maintext     00000
__LnvBANK1                                  nvBANK1      00000
__Lpowerup                                  powerup      00000
__Lram                                      ram          00000
__Lreset_vec                                reset_vec    00000
__Lsfr0                                     sfr0         00000
__Lsfr1                                     sfr1         00000
__Lsfr10                                    sfr10        00000
__Lsfr11                                    sfr11        00000
__Lsfr12                                    sfr12        00000
__Lsfr13                                    sfr13        00000
__Lsfr14                                    sfr14        00000
__Lsfr15                                    sfr15        00000
__Lsfr16                                    sfr16        00000
__Lsfr17                                    sfr17        00000
__Lsfr18                                    sfr18        00000
__Lsfr19                                    sfr19        00000
__Lsfr2                                     sfr2         00000
__Lsfr20                                    sfr20        00000
__Lsfr21                                    sfr21        00000
__Lsfr22                                    sfr22        00000
__Lsfr23                                    sfr23        00000
__Lsfr24                                    sfr24        00000
__Lsfr25                                    sfr25        00000
__Lsfr26                                    sfr26        00000
__Lsfr27                                    sfr27        00000
__Lsfr28                                    sfr28        00000
__Lsfr29                                    sfr29        00000
__Lsfr3                                     sfr3         00000
__Lsfr30                                    sfr30        00000
__Lsfr31                                    sfr31        00000
__Lsfr4                                     sfr4         00000
__Lsfr5                                     sfr5         00000
__Lsfr6                                     sfr6         00000
__Lsfr7                                     sfr7         00000
__Lsfr8                                     sfr8         00000
__Lsfr9                                     sfr9         00000
__Lspace_0                                  (abs)        00000
__Lspace_1                                  (abs)        00000
__Lspace_2                                  (abs)        00000
__Lspace_3                                  (abs)        00000
__Lstack                                    stack        00000
__Lstrings                                  strings      00000
__Ltext                                     text         00000
__S0                                        (abs)        0800C
__S1                                        (abs)        000BD
__S2                                        (abs)        00000
__S3                                        (abs)        00000
___awdiv                                    text48       00B0E
___awdiv@counter                            cstackCOMMON 00075
___awdiv@dividend                           cstackCOMMON 00072
___awdiv@divisor                            cstackCOMMON 00070
___awdiv@quotient                           cstackCOMMON 00077
___awdiv@sign                               cstackCOMMON 00076
___awmod                                    text11       00AB0
___awmod@counter                            cstackBANK0  00025
___awmod@dividend                           cstackBANK0  00022
___awmod@divisor                            cstackBANK0  00020
___awmod@sign                               cstackBANK0  00026
___bmul                                     text10       00876
___bmul@multiplicand                        cstackBANK0  00020
___bmul@multiplier                          cstackBANK0  00023
___bmul@product                             cstackBANK0  00022
___int_sp                                   stack        00000
___latbits                                  (abs)        00002
___lbmod                                    text16       007CF
___lbmod@counter                            cstackBANK0  00024
___lbmod@dividend                           cstackBANK0  00023
___lbmod@divisor                            cstackBANK0  00020
___lbmod@rem                                cstackBANK0  00025
___sp                                       stack        00000
__end_of_ADCC_GetSingleConversion           text41       0085D
__end_of_ADCC_Initialize                    text33       01800
__end_of_DATAEE_ReadByte                    text13       00844
__end_of_DATAEE_WriteByte                   text38       008F7
__end_of_EXT_INT_Initialize                 text31       01759
__end_of_INTERRUPT_InterruptManager         intentry     0004C
__end_of_INT_CallBack                       text55       0172F
__end_of_INT_DefaultInterruptHandler        text56       016A0
__end_of_INT_ISR                            text54       016C3
__end_of_INT_SetInterruptHandler            text32       016EF
__end_of_IOCBF4_DefaultInterruptHandler     text53       016A1
__end_of_IOCBF4_ISR                         text52       01795
__end_of_IOCBF4_SetInterruptHandler         text29       01701
__end_of_OSCILLATOR_Initialize              text30       016F8
__end_of_PIN_MANAGER_IOC                    text51       01714
__end_of_PIN_MANAGER_Initialize             text28       00A53
__end_of_PMD_Initialize                     text27       016DD
__end_of_PWM6_Initialize                    text26       01721
__end_of_PWM_Output_D4_Disable              text40       01785
__end_of_PWM_Output_D4_Enable               text39       017A5
__end_of_ReadI2C                            text3        008D2
__end_of_RingBuffer_WriteRegister           text34       00BE0
__end_of_SYSTEM_Initialize                  text22       00876
__end_of_TMR1_CallBack                      text44       0173D
__end_of_TMR1_DefaultInterruptHandler       text45       016A2
__end_of_TMR1_ISR                           text43       0174B
__end_of_TMR1_Initialize                    text24       008AF
__end_of_TMR1_Reload                        text49       016E6
__end_of_TMR1_SetInterruptHandler           text25       0170A
__end_of_TMR1_StartTimer                    text21       016A8
__end_of_TMR1_WriteTimer                    text50       017E9
__end_of_TMR2_Initialize                    text23       01767
__end_of_TMR2_Start                         text20       016AB
__end_of_TMR2_StartTimer                    text19       016B9
__end_of_TMR2_Stop                          text18       016AE
__end_of_TMR2_StopTimer                     text17       016BD
__end_of_WriteI2C                           text2        00C4D
__end_of___awdiv                            text48       00B77
__end_of___awmod                            text11       00B0E
__end_of___bmul                             text10       00890
__end_of___lbmod                            text16       007F6
__end_of__initialization                    cinit        0007E
__end_of_count                              text46       007CF
__end_of_displayUI                          text15       004CB
__end_of_i2c1_driver_open                   text14       017B5
__end_of_loadParams                         text12       002BB
__end_of_main                               maintext     01000
__end_of_processS1                          text57       00734
__end_of_processS2                          text9        0068C
__end_of_resetUI                            text8        00800
__end_of_saveEmptyFlag                      text36       017C6
__end_of_saveLumMax                         text7        009C2
__end_of_saveLumMin                         text6        00A07
__end_of_saveTempMax                        text5        0093A
__end_of_saveTempMin                        text4        0097D
__end_of_saveWritePointer                   text35       017D7
__end_of_tsttc                              text1        00E5C
__end_of_updateChecksum                     text37       00CD3
__end_ofi1_PWM_Output_D4_Disable            text60       01776
__end_ofi1_TMR2_Stop                        text59       016A5
__end_ofi1_TMR2_StopTimer                   text58       016B5
__end_ofi1___awmod                          text47       00AB0
__initialization                            cinit        0004E
__pbssBANK0                                 bssBANK0     0005C
__pbssBANK1                                 bssBANK1     000A0
__pcstackBANK0                              cstackBANK0  00020
__pcstackCOMMON                             cstackCOMMON 00070
__pdataBANK0                                dataBANK0    0006A
__pdataBANK1                                dataBANK1    000BA
__pdataCOMMON                               dataCOMMON   0007C
__pidataBANK0                               idataBANK0   016CF
__pidataBANK1                               idataBANK1   016AE
__pidataCOMMON                              idataCOMMON  00002
__pintentry                                 intentry     00004
__pmaintext                                 maintext     00E5C
__pnvBANK1                                  nvBANK1      000B2
__pswtext1                                  swtext1      01000
__pswtext2                                  swtext2      00800
__pswtext3                                  swtext3      0081A
__ptext1                                    text1        00CD3
__ptext10                                   text10       00876
__ptext11                                   text11       00AB0
__ptext12                                   text12       00082
__ptext13                                   text13       00834
__ptext14                                   text14       017A5
__ptext15                                   text15       002BB
__ptext16                                   text16       007CF
__ptext17                                   text17       016B9
__ptext18                                   text18       016AB
__ptext19                                   text19       016B5
__ptext2                                    text2        00BE0
__ptext20                                   text20       016A8
__ptext21                                   text21       016A5
__ptext22                                   text22       0085D
__ptext23                                   text23       01759
__ptext24                                   text24       00890
__ptext25                                   text25       01701
__ptext26                                   text26       01714
__ptext27                                   text27       016D5
__ptext28                                   text28       00A07
__ptext29                                   text29       016F8
__ptext3                                    text3        008AF
__ptext30                                   text30       016EF
__ptext31                                   text31       0174B
__ptext32                                   text32       016E6
__ptext33                                   text33       017E9
__ptext34                                   text34       00B77
__ptext35                                   text35       017C6
__ptext36                                   text36       017B5
__ptext37                                   text37       00C4D
__ptext38                                   text38       008D2
__ptext39                                   text39       01795
__ptext4                                    text4        0093A
__ptext40                                   text40       01776
__ptext41                                   text41       00844
__ptext43                                   text43       0173D
__ptext44                                   text44       0172F
__ptext45                                   text45       016A1
__ptext46                                   text46       00734
__ptext47                                   text47       00A53
__ptext48                                   text48       00B0E
__ptext49                                   text49       016DD
__ptext5                                    text5        008F7
__ptext50                                   text50       017D7
__ptext51                                   text51       0170A
__ptext52                                   text52       01785
__ptext53                                   text53       016A0
__ptext54                                   text54       016BD
__ptext55                                   text55       01721
__ptext56                                   text56       0169F
__ptext57                                   text57       0068C
__ptext58                                   text58       016B1
__ptext59                                   text59       016A2
__ptext6                                    text6        009C2
__ptext60                                   text60       01767
__ptext7                                    text7        0097D
__ptext8                                    text8        007F6
__ptext9                                    text9        004CB
__size_of_ADCC_GetSingleConversion          (abs)        00000
__size_of_ADCC_Initialize                   (abs)        00000
__size_of_DATAEE_ReadByte                   (abs)        00000
__size_of_DATAEE_WriteByte                  (abs)        00000
__size_of_EXT_INT_Initialize                (abs)        00000
__size_of_INTERRUPT_InterruptManager        (abs)        00000
__size_of_INT_CallBack                      (abs)        00000
__size_of_INT_DefaultInterruptHandler       (abs)        00000
__size_of_INT_ISR                           (abs)        00000
__size_of_INT_SetInterruptHandler           (abs)        00000
__size_of_IOCBF4_DefaultInterruptHandler    (abs)        00000
__size_of_IOCBF4_ISR                        (abs)        00000
__size_of_IOCBF4_SetInterruptHandler        (abs)        00000
__size_of_OSCILLATOR_Initialize             (abs)        00000
__size_of_PIN_MANAGER_IOC                   (abs)        00000
__size_of_PIN_MANAGER_Initialize            (abs)        00000
__size_of_PMD_Initialize                    (abs)        00000
__size_of_PWM6_Initialize                   (abs)        00000
__size_of_PWM_Output_D4_Disable             (abs)        00000
__size_of_PWM_Output_D4_Enable              (abs)        00000
__size_of_ReadI2C                           (abs)        00000
__size_of_RingBuffer_WriteRegister          (abs)        00000
__size_of_SYSTEM_Initialize                 (abs)        00000
__size_of_TMR1_CallBack                     (abs)        00000
__size_of_TMR1_DefaultInterruptHandler      (abs)        00000
__size_of_TMR1_ISR                          (abs)        00000
__size_of_TMR1_Initialize                   (abs)        00000
__size_of_TMR1_Reload                       (abs)        00000
__size_of_TMR1_SetInterruptHandler          (abs)        00000
__size_of_TMR1_StartTimer                   (abs)        00000
__size_of_TMR1_WriteTimer                   (abs)        00000
__size_of_TMR2_Initialize                   (abs)        00000
__size_of_TMR2_Start                        (abs)        00000
__size_of_TMR2_StartTimer                   (abs)        00000
__size_of_TMR2_Stop                         (abs)        00000
__size_of_TMR2_StopTimer                    (abs)        00000
__size_of_WriteI2C                          (abs)        00000
__size_of___awdiv                           (abs)        00000
__size_of___awmod                           (abs)        00000
__size_of___bmul                            (abs)        00000
__size_of___lbmod                           (abs)        00000
__size_of_count                             (abs)        00000
__size_of_displayUI                         (abs)        00000
__size_of_i2c1_driver_open                  (abs)        00000
__size_of_loadParams                        (abs)        00000
__size_of_main                              (abs)        00000
__size_of_processS1                         (abs)        00000
__size_of_processS2                         (abs)        00000
__size_of_resetUI                           (abs)        00000
__size_of_saveEmptyFlag                     (abs)        00000
__size_of_saveLumMax                        (abs)        00000
__size_of_saveLumMin                        (abs)        00000
__size_of_saveTempMax                       (abs)        00000
__size_of_saveTempMin                       (abs)        00000
__size_of_saveWritePointer                  (abs)        00000
__size_of_tsttc                             (abs)        00000
__size_of_updateChecksum                    (abs)        00000
__size_ofi1_PWM_Output_D4_Disable           (abs)        00000
__size_ofi1_TMR2_Stop                       (abs)        00000
__size_ofi1_TMR2_StopTimer                  (abs)        00000
__size_ofi1___awmod                         (abs)        00000
_alaf                                       bssBANK0     0005F
_alal                                       dataBANK0    0006E
_alarm                                      bssBANK0     00060
_alarm_seconds                              bssBANK0     00061
_alat                                       dataBANK0    0006D
_convertedValue                             bssBANK1     000A2
_count                                      text46       00734
_displayUI                                  text15       002BB
_hour_changed                               bssBANK1     000A9
_hours                                      bssBANK0     00066
_ht                                         bssBANK0     00069
_hu                                         bssBANK0     00065
_i2c1_driver_busCollisionISR                bssBANK1     000A6
_i2c1_driver_i2cISR                         bssBANK1     000A4
_i2c1_driver_open                           text14       017A5
_last_second                                bssBANK1     000B1
_llast                                      bssBANK1     000AB
_lmax                                       bssBANK1     000AD
_lmin                                       dataBANK1    000BB
_loadParams                                 text12       00082
_luminosity                                 bssBANK0     0005C
_main                                       maintext     00E5C
_minute_changed                             bssBANK1     000AA
_minutes                                    bssBANK0     00064
_mt                                         bssBANK0     00068
_mu                                         bssBANK0     00063
_pmon                                       dataCOMMON   0007D
_processS1                                  text57       0068C
_processS2                                  text9        004CB
_resetUI                                    text8        007F6
_running                                    bssBANK1     000A8
_saveEmptyFlag                              text36       017B5
_saveLumMax                                 text7        0097D
_saveLumMin                                 text6        009C2
_saveTempMax                                text5        008F7
_saveTempMin                                text4        0093A
_saveWritePointer                           text35       017C6
_second_changed                             bssBANK1     000B0
_seconds                                    bssBANK0     00062
_t                                          bssBANK0     0005D
_tala                                       dataCOMMON   0007C
_temperature                                bssBANK1     000AF
_timer1ReloadVal                            nvBANK1      000B6
_tlast                                      bssBANK1     000AC
_tmax                                       bssBANK1     000AE
_tmin                                       dataBANK1    000BC
_tsttc                                      text1        00CD3
_tt                                         dataBANK0    0006F
_tu                                         bssBANK0     0005E
_updateChecksum                             text37       00C4D
btemp                                       (abs)        0007E
clear_ram0                                  clrtext      016C3
displayUI@bit                               cstackBANK0  00022
end_of_initialization                       cinit        0007E
i1_PWM_Output_D4_Disable                    text60       01767
i1_TMR2_Stop                                text59       016A2
i1_TMR2_StopTimer                           text58       016B1
i1___awmod                                  text47       00A53
i1___awmod@counter                          cstackCOMMON 00075
i1___awmod@dividend                         cstackCOMMON 00072
i1___awmod@divisor                          cstackCOMMON 00070
i1___awmod@sign                             cstackCOMMON 00076
init_ram                                    inittext     016C9
int$flags                                   (abs)        0007E
intlevel0                                   functab      00000
intlevel1                                   functab      00000
intlevel2                                   functab      00000
intlevel3                                   functab      00000
intlevel4                                   functab      00000
intlevel5                                   functab      00000
loadParams@alaf_t                           cstackBANK0  0004E
loadParams@alal_t                           cstackBANK0  0004D
loadParams@alat_t                           cstackBANK0  0004C
loadParams@check                            cstackBANK0  00044
loadParams@checklsb                         cstackBANK0  00046
loadParams@checkmsb                         cstackBANK0  00047
loadParams@checksum                         cstackBANK0  00048
loadParams@empty_t                          cstackBANK0  00051
loadParams@h_t                              cstackBANK0  00052
loadParams@lmax_t                           cstackBANK0  00057
loadParams@lmin_t                           cstackBANK0  00056
loadParams@m_t                              cstackBANK0  00053
loadParams@pmon_t                           cstackBANK0  0004A
loadParams@rp_t                             cstackBANK0  00050
loadParams@tala_t                           cstackBANK0  0004B
loadParams@tmax_t                           cstackBANK0  00055
loadParams@tmin_t                           cstackBANK0  00054
loadParams@wp_t                             cstackBANK0  0004F
reset_vec                                   reset_vec    00000
stackhi                                     (abs)        023EF
stacklo                                     (abs)        0206D
start                                       init         0004C
start_initialization                        cinit        0004E
tsttc@value                                 cstackBANK0  00023
updateChecksum@checklsb                     cstackBANK0  00033
updateChecksum@checkmsb                     cstackBANK0  00032
updateChecksum@checksum                     cstackBANK0  00034
wtemp0                                      (abs)        0007E


FUNCTION INFORMATION:

 *************** function _main *****************
 Defined at:
		line 772 in file "main.c"
 Parameters:    Size  Location     Type
		None
 Auto vars:     Size  Location     Type
		None
 Return value:  Size  Location     Type
                  1    wreg      void 
 Registers used:
		wreg, fsr0l, fsr0h, status,2, status,0, pclath, cstack
 Tracked objects:
		On entry : 
		On exit  : 
		Unchanged: 
 Data sizes:     COMMON   BANK0   BANK1   BANK2   BANK3   BANK4   BANK5   BANK6   BANK7   BANK8   BANK9  BANK10  BANK11  BANK12
      Params:         0       0       0       0       0       0       0       0       0       0       0       0       0       0
      Locals:         0       0       0       0       0       0       0       0       0       0       0       0       0       0
      Temps:          0       4       0       0       0       0       0       0       0       0       0       0       0       0
      Totals:         0       4       0       0       0       0       0       0       0       0       0       0       0       0
Total ram usage:        4 bytes
[...]
      Temps:          0       0       0       0       0       0       0       0       0       0       0       0       0       0
      Totals:         0       0       0       0       0       0       0       0       0       0       0       0       0       0
Total ram usage:        0 bytes
 Hardware stack levels used:    1
 Hardware stack levels required when called:    1
 This function calls:
		_TMR1_WriteTimer
 This function is called by:
		_count
 This function uses a non-reentrant model


 *************** function _TMR1_WriteTimer *****************
 Defined at:
		line 127 in file "mcc_generated_files/tmr1.c"
 Parameters:    Size  Location     Type
  timerVal        2    0[COMMON] unsigned short 
 Auto vars:     Size  Location     Type
		None
 Return value:  Size  Location     Type
                  1    wreg      void 
 Registers used:
		wreg, status,2
 Tracked objects:
		On entry : 
		On exit  : 
		Unchanged: 
 Data sizes:     COMMON   BANK0   BANK1   BANK2   BANK3   BANK4   BANK5   BANK6   BANK7   BANK8   BANK9  BANK10  BANK11  BANK12
      Params:         2       0       0       0       0       0       0       0       0       0       0       0       0       0
      Locals:         0       0       0       0       0       0       0       0       0       0       0       0       0       0
      Temps:          0       0       0       0       0       0       0       0       0       0       0       0       0       0
      Totals:         2       0       0       0       0       0       0       0       0       0       0       0       0       0
Total ram usage:        2 bytes
 Hardware stack levels used:    1
 This function calls:
		Nothing
 This function is called by:
		_TMR1_Reload
		_TMR1_ISR
 This function uses a non-reentrant model


 *************** function _PIN_MANAGER_IOC *****************
 Defined at:
		line 142 in file "mcc_generated_files/pin_manager.c"
 Parameters:    Size  Location     Type
		None
 Auto vars:     Size  Location     Type
		None
 Return value:  Size  Location     Type
                  1    wreg      void 
 Registers used:
		wreg, status,2, status,0, pclath, cstack
 Tracked objects:
		On entry : 
		On exit  : 
		Unchanged: 
 Data sizes:     COMMON   BANK0   BANK1   BANK2   BANK3   BANK4   BANK5   BANK6   BANK7   BANK8   BANK9  BANK10  BANK11  BANK12
      Params:         0       0       0       0       0       0       0       0       0       0       0       0       0       0
      Locals:         0       0       0       0       0       0       0       0       0       0       0       0       0       0
      Temps:          0       0       0       0       0       0       0       0       0       0       0       0       0       0
      Totals:         0       0       0       0       0       0       0       0       0       0       0       0       0       0
Total ram usage:        0 bytes
 Hardware stack levels used:    1
 Hardware stack levels required when called:    2
 This function calls:
		_IOCBF4_ISR
 This function is called by:
		_INTERRUPT_InterruptManager
 This function uses a non-reentrant model


 *************** function _IOCBF4_ISR *****************
 Defined at:
		line 154 in file "mcc_generated_files/pin_manager.c"
 Parameters:    Size  Location     Type
		None
 Auto vars:     Size  Location     Type
		None
 Return value:  Size  Location     Type
                  1    wreg      void 
 Registers used:
		wreg, status,2, status,0, pclath, cstack
 Tracked objects:
		On entry : 
		On exit  : 
		Unchanged: 
 Data sizes:     COMMON   BANK0   BANK1   BANK2   BANK3   BANK4   BANK5   BANK6   BANK7   BANK8   BANK9  BANK10  BANK11  BANK12
      Params:         0       0       0       0       0       0       0       0       0       0       0       0       0       0
      Locals:         0       0       0       0       0       0       0       0       0       0       0       0       0       0
      Temps:          0       0       0       0       0       0       0       0       0       0       0       0       0       0
      Totals:         0       0       0       0       0       0       0       0       0       0       0       0       0       0
Total ram usage:        0 bytes
 Hardware stack levels used:    1
 Hardware stack levels required when called:    1
 This function calls:
		Absolute function
		_IOCBF4_DefaultInterruptHandler
 This function is called by:
		_PIN_MANAGER_IOC
 This function uses a non-reentrant model


 *************** function _IOCBF4_DefaultInterruptHandler *****************
 Defined at:
		line 176 in file "mcc_generated_files/pin_manager.c"
 Parameters:    Size  Location     Type
		None
 Auto vars:     Size  Location     Type
		None
 Return value:  Size  Location     Type
                  1    wreg      void 
 Registers used:
		None
 Tracked objects:
		On entry : 
		On exit  : 
		Unchanged: 
 Data sizes:     COMMON   BANK0   BANK1   BANK2   BANK3   BANK4   BANK5   BANK6   BANK7   BANK8   BANK9  BANK10  BANK11  BANK12
      Params:         0       0       0       0       0       0       0       0       0       0       0       0       0       0
      Locals:         0       0       0       0       0       0       0       0       0       0       0       0       0       0
      Temps:          0       0       0       0       0       0       0       0       0       0       0       0       0       0
      Totals:         0       0       0       0       0       0       0       0       0       0       0       0       0       0
Total ram usage:        0 bytes
 Hardware stack levels used:    1
 This function calls:
		Nothing
 This function is called by:
		_PIN_MANAGER_Initialize
		_IOCBF4_ISR
 This function uses a non-reentrant model


 *************** function _INT_ISR *****************
 Defined at:
		line 32 in file "mcc_generated_files/ext_int.c"
 Parameters:    Size  Location     Type
		None
 Auto vars:     Size  Location     Type
		None
 Return value:  Size  Location     Type
                  1    wreg      void 
 Registers used:
		wreg, fsr0l, fsr0h, status,2, status,0, pclath, cstack
 Tracked objects:
		On entry : 
		On exit  : 
		Unchanged: 
 Data sizes:     COMMON   BANK0   BANK1   BANK2   BANK3   BANK4   BANK5   BANK6   BANK7   BANK8   BANK9  BANK10  BANK11  BANK12
      Params:         0       0       0       0       0       0       0       0       0       0       0       0       0       0
      Locals:         0       0       0       0       0       0       0       0       0       0       0       0       0       0
      Temps:          0       0       0       0       0       0       0       0       0       0       0       0       0       0
      Totals:         0       0       0       0       0       0       0       0       0       0       0       0       0       0
Total ram usage:        0 bytes
 Hardware stack levels used:    1
 Hardware stack levels required when called:    4
 This function calls:
		_INT_CallBack
 This function is called by:
		_INTERRUPT_InterruptManager
 This function uses a non-reentrant model


 *************** function _INT_CallBack *****************
 Defined at:
		line 41 in file "mcc_generated_files/ext_int.c"
 Parameters:    Size  Location     Type
		None
 Auto vars:     Size  Location     Type
		None
 Return value:  Size  Location     Type
                  1    wreg      void 
 Registers used:
		wreg, fsr0l, fsr0h, status,2, status,0, pclath, cstack
 Tracked objects:
		On entry : 
		On exit  : 
		Unchanged: 
 Data sizes:     COMMON   BANK0   BANK1   BANK2   BANK3   BANK4   BANK5   BANK6   BANK7   BANK8   BANK9  BANK10  BANK11  BANK12
      Params:         0       0       0       0       0       0       0       0       0       0       0       0       0       0
      Locals:         0       0       0       0       0       0       0       0       0       0       0       0       0       0
      Temps:          0       0       0       0       0       0       0       0       0       0       0       0       0       0
      Totals:         0       0       0       0       0       0       0       0       0       0       0       0       0       0
Total ram usage:        0 bytes
 Hardware stack levels used:    1
 Hardware stack levels required when called:    3
 This function calls:
		Absolute function
		_INT_DefaultInterruptHandler
		_processS1
 This function is called by:
		_INT_ISR
 This function uses a non-reentrant model


 *************** function _INT_DefaultInterruptHandler *****************
 Defined at:
		line 54 in file "mcc_generated_files/ext_int.c"
 Parameters:    Size  Location     Type
		None
 Auto vars:     Size  Location     Type
		None
 Return value:  Size  Location     Type
                  1    wreg      void 
 Registers used:
		None
 Tracked objects:
		On entry : 
		On exit  : 
		Unchanged: 
 Data sizes:     COMMON   BANK0   BANK1   BANK2   BANK3   BANK4   BANK5   BANK6   BANK7   BANK8   BANK9  BANK10  BANK11  BANK12
      Params:         0       0       0       0       0       0       0       0       0       0       0       0       0       0
      Locals:         0       0       0       0       0       0       0       0       0       0       0       0       0       0
      Temps:          0       0       0       0       0       0       0       0       0       0       0       0       0       0
      Totals:         0       0       0       0       0       0       0       0       0       0       0       0       0       0
Total ram usage:        0 bytes
 Hardware stack levels used:    1
 This function calls:
		Nothing
 This function is called by:
		_EXT_INT_Initialize
		_INT_CallBack
 This function uses a non-reentrant model


 *************** function _processS1 *****************
 Defined at:
		line 370 in file "main.c"
 Parameters:    Size  Location     Type
		None
 Auto vars:     Size  Location     Type
		None
 Return value:  Size  Location     Type
                  1    wreg      void 
 Registers used:
		wreg, fsr0l, fsr0h, status,2, status,0, pclath, cstack
 Tracked objects:
		On entry : 
		On exit  : 
		Unchanged: 
 Data sizes:     COMMON   BANK0   BANK1   BANK2   BANK3   BANK4   BANK5   BANK6   BANK7   BANK8   BANK9  BANK10  BANK11  BANK12
      Params:         0       0       0       0       0       0       0       0       0       0       0       0       0       0
      Locals:         0       0       0       0       0       0       0       0       0       0       0       0       0       0
      Temps:          2       0       0       0       0       0       0       0       0       0       0       0       0       0
      Totals:         2       0       0       0       0       0       0       0       0       0       0       0       0       0
Total ram usage:        2 bytes
 Hardware stack levels used:    1
 Hardware stack levels required when called:    2
 This function calls:
		i1_PWM_Output_D4_Disable
		i1_TMR2_StopTimer
 This function is called by:
		_main
		_INT_CallBack
 This function uses a non-reentrant model


 *************** function i1_TMR2_StopTimer *****************
 Defined at:
		line 117 in file "mcc_generated_files/tmr2.c"
 Parameters:    Size  Location     Type
		None
 Auto vars:     Size  Location     Type
		None
 Return value:  Size  Location     Type
                  1    wreg      void 
 Registers used:
		status,2, status,0, pclath, cstack
 Tracked objects:
		On entry : 
		On exit  : 
		Unchanged: 
 Data sizes:     COMMON   BANK0   BANK1   BANK2   BANK3   BANK4   BANK5   BANK6   BANK7   BANK8   BANK9  BANK10  BANK11  BANK12
      Params:         0       0       0       0       0       0       0       0       0       0       0       0       0       0
      Locals:         0       0       0       0       0       0       0       0       0       0       0       0       0       0
      Temps:          0       0       0       0       0       0       0       0       0       0       0       0       0       0
      Totals:         0       0       0       0       0       0       0       0       0       0       0       0       0       0
Total ram usage:        0 bytes
 Hardware stack levels used:    1
 Hardware stack levels required when called:    1
 This function calls:
		i1_TMR2_Stop
 This function is called by:
		_processS1
 This function uses a non-reentrant model


 *************** function i1_TMR2_Stop *****************
 Defined at:
		line 111 in file "mcc_generated_files/tmr2.c"
 Parameters:    Size  Location     Type
		None
 Auto vars:     Size  Location     Type
		None
 Return value:  Size  Location     Type
                  1    wreg      void 
 Registers used:
		None
 Tracked objects:
		On entry : 
		On exit  : 
		Unchanged: 
 Data sizes:     COMMON   BANK0   BANK1   BANK2   BANK3   BANK4   BANK5   BANK6   BANK7   BANK8   BANK9  BANK10  BANK11  BANK12
      Params:         0       0       0       0       0       0       0       0       0       0       0       0       0       0
      Locals:         0       0       0       0       0       0       0       0       0       0       0       0       0       0
      Temps:          0       0       0       0       0       0       0       0       0       0       0       0       0       0
      Totals:         0       0       0       0       0       0       0       0       0       0       0       0       0       0
Total ram usage:        0 bytes
 Hardware stack levels used:    1
 This function calls:
		Nothing
 This function is called by:
		i1_TMR2_StopTimer
 This function uses a non-reentrant model


 *************** function i1_PWM_Output_D4_Disable *****************
 Defined at:
		line 357 in file "main.c"
 Parameters:    Size  Location     Type
		None
 Auto vars:     Size  Location     Type
		None
 Return value:  Size  Location     Type
                  1    wreg      void 
 Registers used:
		wreg, status,2
 Tracked objects:
		On entry : 
		On exit  : 
		Unchanged: 
 Data sizes:     COMMON   BANK0   BANK1   BANK2   BANK3   BANK4   BANK5   BANK6   BANK7   BANK8   BANK9  BANK10  BANK11  BANK12
      Params:         0       0       0       0       0       0       0       0       0       0       0       0       0       0
      Locals:         0       0       0       0       0       0       0       0       0       0       0       0       0       0
      Temps:          0       0       0       0       0       0       0       0       0       0       0       0       0       0
      Totals:         0       0       0       0       0       0       0       0       0       0       0       0       0       0
Total ram usage:        0 bytes
 Hardware stack levels used:    1
 This function calls:
		Nothing
 This function is called by:
		_processS1
 This function uses a non-reentrant model



MODULE INFORMATION

Module		Function		Class		Link	Load	Size
mcc_generated_files/pwm6.c
		_PWM6_Initialize		CODE           	1714	0000	14

mcc_generated_files/pwm6.c estimated size: 14

mcc_generated_files/tmr2.c
		_TMR2_Initialize		CODE           	1759	0000	15
		_TMR2_Stop     		CODE           	16AB	0000	4
		_TMR2_Start    		CODE           	16A8	0000	4
		_TMR2_StopTimer		CODE           	16B9	0000	5
		_TMR2_StartTimer		CODE           	16B5	0000	5

mcc_generated_files/tmr2.c estimated size: 33

mcc_generated_files/interrupt_manager.c
		_INTERRUPT_InterruptManager		CODE           	0004	0000	73

mcc_generated_files/interrupt_manager.c estimated size: 73

C:\Program Files (x86)\Microchip\xc8\v2.00\pic\sources\c99\common\awmod.c
		___awmod       		CODE           	0AB0	0000	95

C:\Program Files (x86)\Microchip\xc8\v2.00\pic\sources\c99\common\awmod.c estimated size: 95

mcc_generated_files/pin_manager.c
		_PIN_MANAGER_Initialize		CODE           	0A07	0000	77
		_IOCBF4_DefaultInterruptHandler		CODE           	16A0	0000	2
		_IOCBF4_ISR    		CODE           	1785	0000	17
		_PIN_MANAGER_IOC		CODE           	170A	0000	11
		_IOCBF4_SetInterruptHandler		CODE           	16F8	0000	10

mcc_generated_files/pin_manager.c estimated size: 117

I2C/i2c.c
		_ReadI2C       		CODE           	08AF	0000	36
		_WriteI2C      		CODE           	0BE0	0000	110

I2C/i2c.c estimated size: 146

mcc_generated_files/ext_int.c
		_INT_DefaultInterruptHandler		CODE           	169F	0000	2
		_EXT_INT_Initialize		CODE           	174B	0000	15
		_INT_SetInterruptHandler		CODE           	16E6	0000	10
		_INT_CallBack  		CODE           	1721	0000	15
		_INT_ISR       		CODE           	16BD	0000	7

mcc_generated_files/ext_int.c estimated size: 49

C:\Program Files (x86)\Microchip\xc8\v2.00\pic\sources\c99\common\awdiv.c
		___awdiv       		CODE           	0B0E	0000	106

C:\Program Files (x86)\Microchip\xc8\v2.00\pic\sources\c99\common\awdiv.c estimated size: 106

shared
		__initialization		CODE           	004E	0000	49
		i1_PWM_Output_D4_Disable		CODE           	1767	0000	16
		i1___awmod     		CODE           	0A53	0000	94
		i1_TMR2_Stop   		CODE           	16A2	0000	4
		i1_TMR2_StopTimer		CODE           	16B1	0000	5

shared estimated size: 168

C:\Program Files (x86)\Microchip\xc8\v2.00\pic\sources\c99\common\lbmod.c
		___lbmod       		CODE           	07CF	0000	40

C:\Program Files (x86)\Microchip\xc8\v2.00\pic\sources\c99\common\lbmod.c estimated size: 40

mcc_generated_files/mcc.c
		_PMD_Initialize		CODE           	16D5	0000	9
		_OSCILLATOR_Initialize		CODE           	16EF	0000	10
		_SYSTEM_Initialize		CODE           	085D	0000	26

mcc_generated_files/mcc.c estimated size: 45

C:\Program Files (x86)\Microchip\xc8\v2.00\pic\sources\c99\common\Umul8.c
		___bmul        		CODE           	0876	0000	27

C:\Program Files (x86)\Microchip\xc8\v2.00\pic\sources\c99\common\Umul8.c estimated size: 27

mcc_generated_files/tmr1.c
		_TMR1_Initialize		CODE           	0890	0000	32
		_TMR1_SetInterruptHandler		CODE           	1701	0000	10
		_TMR1_Reload   		CODE           	16DD	0000	10
		_TMR1_DefaultInterruptHandler		CODE           	16A1	0000	2
		_TMR1_CallBack 		CODE           	172F	0000	15
		_TMR1_WriteTimer		CODE           	17D7	0000	19
		_TMR1_StartTimer		CODE           	16A5	0000	4
		_TMR1_ISR      		CODE           	173D	0000	15

mcc_generated_files/tmr1.c estimated size: 107

mcc_generated_files/memory.c
		_DATAEE_WriteByte		CODE           	08D2	0000	38
		_DATAEE_ReadByte		CODE           	0834	0000	17

mcc_generated_files/memory.c estimated size: 55

mcc_generated_files/i2c1_driver.c
		_i2c1_driver_open		CODE           	17A5	0000	17

mcc_generated_files/i2c1_driver.c estimated size: 17

mcc_generated_files/adcc.c
		_ADCC_GetSingleConversion		CODE           	0844	0000	26
		_ADCC_Initialize		CODE           	17E9	0000	24

mcc_generated_files/adcc.c estimated size: 50

main.c
		_processS1     		CODE           	068C	0000	169
		_processS2     		CODE           	04CB	0000	450
		_PWM_Output_D4_Disable		CODE           	1776	0000	16
		_displayUI     		CODE           	02BB	0000	529
		_main          		CODE           	0E5C	0000	421
		_saveTempMin   		CODE           	093A	0000	68
		_saveTempMax   		CODE           	08F7	0000	68
		_RingBuffer_WriteRegister		CODE           	0B77	0000	106
		_PWM_Output_D4_Enable		CODE           	1795	0000	17
		_updateChecksum		CODE           	0C4D	0000	135
		_saveLumMin    		CODE           	09C2	0000	70
		_saveLumMax    		CODE           	097D	0000	70
		_resetUI       		CODE           	07F6	0000	11
		_saveEmptyFlag 		CODE           	17B5	0000	18
		_saveWritePointer		CODE           	17C6	0000	18
		_tsttc         		CODE           	0CD3	0000	394
		_loadParams    		CODE           	0082	0000	570
		_count         		CODE           	0734	0000	156

main.c estimated size: 3286

